Archive member included to satisfy reference by file (symbol)

C:/ST/STM32CubeIDE_1.18.0/STM32CubeIDE/plugins/com.st.stm32cube.ide.mcu.externaltools.gnu-tools-for-stm32.13.3.rel1.win32_1.0.0.202411081344/tools/bin/../lib/gcc/arm-none-eabi/13.3.1/../../../../arm-none-eabi/lib/thumb/v7e-m+fp/hard\libc_nano.a(libc_a-exit.o)
                              C:/ST/STM32CubeIDE_1.18.0/STM32CubeIDE/plugins/com.st.stm32cube.ide.mcu.externaltools.gnu-tools-for-stm32.13.3.rel1.win32_1.0.0.202411081344/tools/bin/../lib/gcc/arm-none-eabi/13.3.1/../../../../arm-none-eabi/lib/thumb/v7e-m+fp/hard/crt0.o (exit)
C:/ST/STM32CubeIDE_1.18.0/STM32CubeIDE/plugins/com.st.stm32cube.ide.mcu.externaltools.gnu-tools-for-stm32.13.3.rel1.win32_1.0.0.202411081344/tools/bin/../lib/gcc/arm-none-eabi/13.3.1/../../../../arm-none-eabi/lib/thumb/v7e-m+fp/hard\libc_nano.a(libc_a-findfp.o)
                              C:/ST/STM32CubeIDE_1.18.0/STM32CubeIDE/plugins/com.st.stm32cube.ide.mcu.externaltools.gnu-tools-for-stm32.13.3.rel1.win32_1.0.0.202411081344/tools/bin/../lib/gcc/arm-none-eabi/13.3.1/../../../../arm-none-eabi/lib/thumb/v7e-m+fp/hard\libc_nano.a(libc_a-exit.o) (__stdio_exit_handler)
C:/ST/STM32CubeIDE_1.18.0/STM32CubeIDE/plugins/com.st.stm32cube.ide.mcu.externaltools.gnu-tools-for-stm32.13.3.rel1.win32_1.0.0.202411081344/tools/bin/../lib/gcc/arm-none-eabi/13.3.1/../../../../arm-none-eabi/lib/thumb/v7e-m+fp/hard\libc_nano.a(libc_a-fwalk.o)
                              C:/ST/STM32CubeIDE_1.18.0/STM32CubeIDE/plugins/com.st.stm32cube.ide.mcu.externaltools.gnu-tools-for-stm32.13.3.rel1.win32_1.0.0.202411081344/tools/bin/../lib/gcc/arm-none-eabi/13.3.1/../../../../arm-none-eabi/lib/thumb/v7e-m+fp/hard\libc_nano.a(libc_a-findfp.o) (_fwalk_sglue)
C:/ST/STM32CubeIDE_1.18.0/STM32CubeIDE/plugins/com.st.stm32cube.ide.mcu.externaltools.gnu-tools-for-stm32.13.3.rel1.win32_1.0.0.202411081344/tools/bin/../lib/gcc/arm-none-eabi/13.3.1/../../../../arm-none-eabi/lib/thumb/v7e-m+fp/hard\libc_nano.a(libc_a-stdio.o)
                              C:/ST/STM32CubeIDE_1.18.0/STM32CubeIDE/plugins/com.st.stm32cube.ide.mcu.externaltools.gnu-tools-for-stm32.13.3.rel1.win32_1.0.0.202411081344/tools/bin/../lib/gcc/arm-none-eabi/13.3.1/../../../../arm-none-eabi/lib/thumb/v7e-m+fp/hard\libc_nano.a(libc_a-findfp.o) (__sread)
C:/ST/STM32CubeIDE_1.18.0/STM32CubeIDE/plugins/com.st.stm32cube.ide.mcu.externaltools.gnu-tools-for-stm32.13.3.rel1.win32_1.0.0.202411081344/tools/bin/../lib/gcc/arm-none-eabi/13.3.1/../../../../arm-none-eabi/lib/thumb/v7e-m+fp/hard\libc_nano.a(libc_a-memset.o)
                              C:/ST/STM32CubeIDE_1.18.0/STM32CubeIDE/plugins/com.st.stm32cube.ide.mcu.externaltools.gnu-tools-for-stm32.13.3.rel1.win32_1.0.0.202411081344/tools/bin/../lib/gcc/arm-none-eabi/13.3.1/../../../../arm-none-eabi/lib/thumb/v7e-m+fp/hard/crt0.o (memset)
C:/ST/STM32CubeIDE_1.18.0/STM32CubeIDE/plugins/com.st.stm32cube.ide.mcu.externaltools.gnu-tools-for-stm32.13.3.rel1.win32_1.0.0.202411081344/tools/bin/../lib/gcc/arm-none-eabi/13.3.1/../../../../arm-none-eabi/lib/thumb/v7e-m+fp/hard\libc_nano.a(libc_a-closer.o)
                              C:/ST/STM32CubeIDE_1.18.0/STM32CubeIDE/plugins/com.st.stm32cube.ide.mcu.externaltools.gnu-tools-for-stm32.13.3.rel1.win32_1.0.0.202411081344/tools/bin/../lib/gcc/arm-none-eabi/13.3.1/../../../../arm-none-eabi/lib/thumb/v7e-m+fp/hard\libc_nano.a(libc_a-stdio.o) (_close_r)
C:/ST/STM32CubeIDE_1.18.0/STM32CubeIDE/plugins/com.st.stm32cube.ide.mcu.externaltools.gnu-tools-for-stm32.13.3.rel1.win32_1.0.0.202411081344/tools/bin/../lib/gcc/arm-none-eabi/13.3.1/../../../../arm-none-eabi/lib/thumb/v7e-m+fp/hard\libc_nano.a(libc_a-reent.o)
                              C:/ST/STM32CubeIDE_1.18.0/STM32CubeIDE/plugins/com.st.stm32cube.ide.mcu.externaltools.gnu-tools-for-stm32.13.3.rel1.win32_1.0.0.202411081344/tools/bin/../lib/gcc/arm-none-eabi/13.3.1/../../../../arm-none-eabi/lib/thumb/v7e-m+fp/hard\libc_nano.a(libc_a-closer.o) (errno)
C:/ST/STM32CubeIDE_1.18.0/STM32CubeIDE/plugins/com.st.stm32cube.ide.mcu.externaltools.gnu-tools-for-stm32.13.3.rel1.win32_1.0.0.202411081344/tools/bin/../lib/gcc/arm-none-eabi/13.3.1/../../../../arm-none-eabi/lib/thumb/v7e-m+fp/hard\libc_nano.a(libc_a-impure.o)
                              C:/ST/STM32CubeIDE_1.18.0/STM32CubeIDE/plugins/com.st.stm32cube.ide.mcu.externaltools.gnu-tools-for-stm32.13.3.rel1.win32_1.0.0.202411081344/tools/bin/../lib/gcc/arm-none-eabi/13.3.1/../../../../arm-none-eabi/lib/thumb/v7e-m+fp/hard\libc_nano.a(libc_a-reent.o) (_impure_ptr)
C:/ST/STM32CubeIDE_1.18.0/STM32CubeIDE/plugins/com.st.stm32cube.ide.mcu.externaltools.gnu-tools-for-stm32.13.3.rel1.win32_1.0.0.202411081344/tools/bin/../lib/gcc/arm-none-eabi/13.3.1/../../../../arm-none-eabi/lib/thumb/v7e-m+fp/hard\libc_nano.a(libc_a-lseekr.o)
[...]
Memory Configuration

Name             Origin             Length             Attributes
RAM              0x20000000         0x00020000         xrw
FLASH            0x08000000         0x00080000         xr
*default*        0x00000000         0xffffffff

Linker script and memory map

LOAD C:/ST/STM32CubeIDE_1.18.0/STM32CubeIDE/plugins/com.st.stm32cube.ide.mcu.externaltools.gnu-tools-for-stm32.13.3.rel1.win32_1.0.0.202411081344/tools/bin/../lib/gcc/arm-none-eabi/13.3.1/thumb/v7e-m+fp/hard/crti.o
LOAD C:/ST/STM32CubeIDE_1.18.0/STM32CubeIDE/plugins/com.st.stm32cube.ide.mcu.externaltools.gnu-tools-for-stm32.13.3.rel1.win32_1.0.0.202411081344/tools/bin/../lib/gcc/arm-none-eabi/13.3.1/thumb/v7e-m+fp/hard/crtbegin.o
LOAD C:/ST/STM32CubeIDE_1.18.0/STM32CubeIDE/plugins/com.st.stm32cube.ide.mcu.externaltools.gnu-tools-for-stm32.13.3.rel1.win32_1.0.0.202411081344/tools/bin/../lib/gcc/arm-none-eabi/13.3.1/../../../../arm-none-eabi/lib/thumb/v7e-m+fp/hard/crt0.o
LOAD ./Core/Src/fatfs_sd.o
LOAD ./Core/Src/font.o
LOAD ./Core/Src/graficos.o
LOAD ./Core/Src/ili9341.o
LOAD ./Core/Src/main.o
LOAD ./Core/Src/stm32f4xx_hal_msp.o
LOAD ./Core/Src/stm32f4xx_it.o
LOAD ./Core/Src/syscalls.o
LOAD ./Core/Src/sysmem.o
LOAD ./Core/Src/system_stm32f4xx.o
LOAD ./Core/Startup/startup_stm32f446retx.o
LOAD ./Drivers/STM32F4xx_HAL_Driver/Src/stm32f4xx_hal.o
LOAD ./Drivers/STM32F4xx_HAL_Driver/Src/stm32f4xx_hal_cortex.o
LOAD ./Drivers/STM32F4xx_HAL_Driver/Src/stm32f4xx_hal_dma.o
LOAD ./Drivers/STM32F4xx_HAL_Driver/Src/stm32f4xx_hal_dma_ex.o
LOAD ./Drivers/STM32F4xx_HAL_Driver/Src/stm32f4xx_hal_exti.o
LOAD ./Drivers/STM32F4xx_HAL_Driver/Src/stm32f4xx_hal_flash.o
LOAD ./Drivers/STM32F4xx_HAL_Driver/Src/stm32f4xx_hal_flash_ex.o
LOAD ./Drivers/STM32F4xx_HAL_Driver/Src/stm32f4xx_hal_flash_ramfunc.o
LOAD ./Drivers/STM32F4xx_HAL_Driver/Src/stm32f4xx_hal_gpio.o
LOAD ./Drivers/STM32F4xx_HAL_Driver/Src/stm32f4xx_hal_pwr.o
LOAD ./Drivers/STM32F4xx_HAL_Driver/Src/stm32f4xx_hal_pwr_ex.o
LOAD ./Drivers/STM32F4xx_HAL_Driver/Src/stm32f4xx_hal_rcc.o
LOAD ./Drivers/STM32F4xx_HAL_Driver/Src/stm32f4xx_hal_rcc_ex.o
LOAD ./Drivers/STM32F4xx_HAL_Driver/Src/stm32f4xx_hal_spi.o
LOAD ./Drivers/STM32F4xx_HAL_Driver/Src/stm32f4xx_hal_uart.o
LOAD ./FATFS/App/fatfs.o
LOAD ./FATFS/Target/user_diskio.o
LOAD ./Middlewares/Third_Party/FatFs/src/diskio.o
LOAD ./Middlewares/Third_Party/FatFs/src/ff.o
LOAD ./Middlewares/Third_Party/FatFs/src/ff_gen_drv.o
LOAD ./Middlewares/Third_Party/FatFs/src/option/ccsbcs.o
LOAD ./Middlewares/Third_Party/FatFs/src/option/syscall.o
START GROUP
LOAD C:/ST/STM32CubeIDE_1.18.0/STM32CubeIDE/plugins/com.st.stm32cube.ide.mcu.externaltools.gnu-tools-for-stm32.13.3.rel1.win32_1.0.0.202411081344/tools/bin/../lib/gcc/arm-none-eabi/13.3.1/../../../../arm-none-eabi/lib/thumb/v7e-m+fp/hard\libc_nano.a
LOAD C:/ST/STM32CubeIDE_1.18.0/STM32CubeIDE/plugins/com.st.stm32cube.ide.mcu.externaltools.gnu-tools-for-stm32.13.3.rel1.win32_1.0.0.202411081344/tools/bin/../lib/gcc/arm-none-eabi/13.3.1/../../../../arm-none-eabi/lib/thumb/v7e-m+fp/hard\libm.a
END GROUP
START GROUP
LOAD C:/ST/STM32CubeIDE_1.18.0/STM32CubeIDE/plugins/com.st.stm32cube.ide.mcu.externaltools.gnu-tools-for-stm32.13.3.rel1.win32_1.0.0.202411081344/tools/bin/../lib/gcc/arm-none-eabi/13.3.1/thumb/v7e-m+fp/hard\libgcc.a
LOAD C:/ST/STM32CubeIDE_1.18.0/STM32CubeIDE/plugins/com.st.stm32cube.ide.mcu.externaltools.gnu-tools-for-stm32.13.3.rel1.win32_1.0.0.202411081344/tools/bin/../lib/gcc/arm-none-eabi/13.3.1/../../../../arm-none-eabi/lib/thumb/v7e-m+fp/hard\libc_nano.a
END GROUP
START GROUP
LOAD C:/ST/STM32CubeIDE_1.18.0/STM32CubeIDE/plugins/com.st.stm32cube.ide.mcu.externaltools.gnu-tools-for-stm32.13.3.rel1.win32_1.0.0.202411081344/tools/bin/../lib/gcc/arm-none-eabi/13.3.1/thumb/v7e-m+fp/hard\libgcc.a
LOAD C:/ST/STM32CubeIDE_1.18.0/STM32CubeIDE/plugins/com.st.stm32cube.ide.mcu.externaltools.gnu-tools-for-stm32.13.3.rel1.win32_1.0.0.202411081344/tools/bin/../lib/gcc/arm-none-eabi/13.3.1/../../../../arm-none-eabi/lib/thumb/v7e-m+fp/hard\libc_nano.a
LOAD C:/ST/STM32CubeIDE_1.18.0/STM32CubeIDE/plugins/com.st.stm32cube.ide.mcu.externaltools.gnu-tools-for-stm32.13.3.rel1.win32_1.0.0.202411081344/tools/bin/../lib/gcc/arm-none-eabi/13.3.1/../../../../arm-none-eabi/lib/thumb/v7e-m+fp/hard\libnosys.a
END GROUP
START GROUP
LOAD C:/ST/STM32CubeIDE_1.18.0/STM32CubeIDE/plugins/com.st.stm32cube.ide.mcu.externaltools.gnu-tools-for-stm32.13.3.rel1.win32_1.0.0.202411081344/tools/bin/../lib/gcc/arm-none-eabi/13.3.1/thumb/v7e-m+fp/hard\libgcc.a
LOAD C:/ST/STM32CubeIDE_1.18.0/STM32CubeIDE/plugins/com.st.stm32cube.ide.mcu.externaltools.gnu-tools-for-stm32.13.3.rel1.win32_1.0.0.202411081344/tools/bin/../lib/gcc/arm-none-eabi/13.3.1/../../../../arm-none-eabi/lib/thumb/v7e-m+fp/hard\libc_nano.a
LOAD C:/ST/STM32CubeIDE_1.18.0/STM32CubeIDE/plugins/com.st.stm32cube.ide.mcu.externaltools.gnu-tools-for-stm32.13.3.rel1.win32_1.0.0.202411081344/tools/bin/../lib/gcc/arm-none-eabi/13.3.1/../../../../arm-none-eabi/lib/thumb/v7e-m+fp/hard\libnosys.a
END GROUP
LOAD C:/ST/STM32CubeIDE_1.18.0/STM32CubeIDE/plugins/com.st.stm32cube.ide.mcu.externaltools.gnu-tools-for-stm32.13.3.rel1.win32_1.0.0.202411081344/tools/bin/../lib/gcc/arm-none-eabi/13.3.1/thumb/v7e-m+fp/hard/crtend.o
LOAD C:/ST/STM32CubeIDE_1.18.0/STM32CubeIDE/plugins/com.st.stm32cube.ide.mcu.externaltools.gnu-tools-for-stm32.13.3.rel1.win32_1.0.0.202411081344/tools/bin/../lib/gcc/arm-none-eabi/13.3.1/thumb/v7e-m+fp/hard/crtn.o
                0x20020000                        _estack = (ORIGIN (RAM) + LENGTH (RAM))
                0x00000200                        _Min_Heap_Size = 0x200
                0x00000400                        _Min_Stack_Size = 0x400

.isr_vector     0x08000000      0x1c4
                0x08000000                        . = ALIGN (0x4)
 *(.isr_vector)
 .isr_vector    0x08000000      0x1c4 ./Core/Startup/startup_stm32f446retx.o
                0x08000000                g_pfnVectors
                0x080001c4                        . = ALIGN (0x4)

.text           0x080001c4     0x4934
                0x080001c4                        . = ALIGN (0x4)
 *(.text)
 .text          0x080001c4       0x40 C:/ST/STM32CubeIDE_1.18.0/STM32CubeIDE/plugins/com.st.stm32cube.ide.mcu.externaltools.gnu-tools-for-stm32.13.3.rel1.win32_1.0.0.202411081344/tools/bin/../lib/gcc/arm-none-eabi/13.3.1/thumb/v7e-m+fp/hard/crtbegin.o
 .text          0x08000204       0x30 C:/ST/STM32CubeIDE_1.18.0/STM32CubeIDE/plugins/com.st.stm32cube.ide.mcu.externaltools.gnu-tools-for-stm32.13.3.rel1.win32_1.0.0.202411081344/tools/bin/../lib/gcc/arm-none-eabi/13.3.1/thumb/v7e-m+fp/hard\libgcc.a(_aeabi_uldivmod.o)
                0x08000204                __aeabi_uldivmod
 .text          0x08000234      0x2f8 C:/ST/STM32CubeIDE_1.18.0/STM32CubeIDE/plugins/com.st.stm32cube.ide.mcu.externaltools.gnu-tools-for-stm32.13.3.rel1.win32_1.0.0.202411081344/tools/bin/../lib/gcc/arm-none-eabi/13.3.1/thumb/v7e-m+fp/hard\libgcc.a(_udivmoddi4.o)
                0x08000234                __udivmoddi4
 .text          0x0800052c        0x4 C:/ST/STM32CubeIDE_1.18.0/STM32CubeIDE/plugins/com.st.stm32cube.ide.mcu.externaltools.gnu-tools-for-stm32.13.3.rel1.win32_1.0.0.202411081344/tools/bin/../lib/gcc/arm-none-eabi/13.3.1/thumb/v7e-m+fp/hard\libgcc.a(_dvmd_tls.o)
                0x0800052c                __aeabi_idiv0
                0x0800052c                __aeabi_ldiv0
 *(.text*)
 .text.LCD_Init
                0x08000530      0x1f8 ./Core/Src/ili9341.o
                0x08000530                LCD_Init
 .text.LCD_CMD  0x08000728      0x14c ./Core/Src/ili9341.o
                0x08000728                LCD_CMD
 .text.LCD_DATA
                0x08000874      0x14c ./Core/Src/ili9341.o
                0x08000874                LCD_DATA
 .text.SetWindows
                0x080009c0       0x80 ./Core/Src/ili9341.o
                0x080009c0                SetWindows
 .text.LCD_Clear
                0x08000a40       0x88 ./Core/Src/ili9341.o
                0x08000a40                LCD_Clear
 .text.H_line   0x08000ac8       0x80 ./Core/Src/ili9341.o
                0x08000ac8                H_line
 .text.V_line   0x08000b48       0x80 ./Core/Src/ili9341.o
                0x08000b48                V_line
 .text.FillRect
                0x08000bc8       0xb4 ./Core/Src/ili9341.o
                0x08000bc8                FillRect
 .text.LCD_Bitmap
                0x08000c7c       0xb4 ./Core/Src/ili9341.o
                0x08000c7c                LCD_Bitmap
 .text.LCD_Sprite
                0x08000d30      0x158 ./Core/Src/ili9341.o
                0x08000d30                LCD_Sprite
 .text.main     0x08000e88      0x1c0 ./Core/Src/main.o
                0x08000e88                main
 .text.SystemClock_Config
                0x08001048       0xdc ./Core/Src/main.o
                0x08001048                SystemClock_Config
 .text.MX_SPI1_Init
                0x08001124       0x6c ./Core/Src/main.o
 .text.MX_UART5_Init
                0x08001190       0x54 ./Core/Src/main.o
 .text.MX_USART2_UART_Init
                0x080011e4       0x54 ./Core/Src/main.o
 .text.MX_USART3_UART_Init
                0x08001238       0x54 ./Core/Src/main.o
 .text.MX_DMA_Init
                0x0800128c       0x90 ./Core/Src/main.o
 .text.MX_GPIO_Init
                0x0800131c      0x150 ./Core/Src/main.o
 .text.MECHANICS
                0x0800146c      0x380 ./Core/Src/main.o
                0x0800146c                MECHANICS
 .text.MECHANICS_Ridley
                0x080017ec       0x5c ./Core/Src/main.o
                0x080017ec                MECHANICS_Ridley
 .text.HAL_UART_RxCpltCallback
                0x08001848      0x218 ./Core/Src/main.o
                0x08001848                HAL_UART_RxCpltCallback
 .text.Error_Handler
                0x08001a60        0xc ./Core/Src/main.o
                0x08001a60                Error_Handler
 .text.HAL_MspInit
                0x08001a6c       0x50 ./Core/Src/stm32f4xx_hal_msp.o
                0x08001a6c                HAL_MspInit
 .text.HAL_SPI_MspInit
                0x08001abc       0x90 ./Core/Src/stm32f4xx_hal_msp.o
                0x08001abc                HAL_SPI_MspInit
 .text.HAL_UART_MspInit
                0x08001b4c      0x410 ./Core/Src/stm32f4xx_hal_msp.o
                0x08001b4c                HAL_UART_MspInit
 .text.NMI_Handler
                0x08001f5c        0x8 ./Core/Src/stm32f4xx_it.o
                0x08001f5c                NMI_Handler
 .text.HardFault_Handler
                0x08001f64        0x8 ./Core/Src/stm32f4xx_it.o
                0x08001f64                HardFault_Handler
 .text.MemManage_Handler
                0x08001f6c        0x8 ./Core/Src/stm32f4xx_it.o
                0x08001f6c                MemManage_Handler
 .text.BusFault_Handler
                0x08001f74        0x8 ./Core/Src/stm32f4xx_it.o
                0x08001f74                BusFault_Handler
 .text.UsageFault_Handler
                0x08001f7c        0x8 ./Core/Src/stm32f4xx_it.o
                0x08001f7c                UsageFault_Handler
 .text.SVC_Handler
                0x08001f84        0xe ./Core/Src/stm32f4xx_it.o
                0x08001f84                SVC_Handler
 .text.DebugMon_Handler
                0x08001f92        0xe ./Core/Src/stm32f4xx_it.o
                0x08001f92                DebugMon_Handler
 .text.PendSV_Handler
                0x08001fa0        0xe ./Core/Src/stm32f4xx_it.o
                0x08001fa0                PendSV_Handler
 .text.SysTick_Handler
                0x08001fae        0xc ./Core/Src/stm32f4xx_it.o
                0x08001fae                SysTick_Handler
 *fill*         0x08001fba        0x2 
 .text.DMA1_Stream0_IRQHandler
                0x08001fbc       0x14 ./Core/Src/stm32f4xx_it.o
                0x08001fbc                DMA1_Stream0_IRQHandler
 .text.DMA1_Stream1_IRQHandler
                0x08001fd0       0x14 ./Core/Src/stm32f4xx_it.o
                0x08001fd0                DMA1_Stream1_IRQHandler
 .text.DMA1_Stream3_IRQHandler
                0x08001fe4       0x14 ./Core/Src/stm32f4xx_it.o
                0x08001fe4                DMA1_Stream3_IRQHandler
 .text.DMA1_Stream5_IRQHandler
                0x08001ff8       0x14 ./Core/Src/stm32f4xx_it.o
                0x08001ff8                DMA1_Stream5_IRQHandler
 .text.DMA1_Stream6_IRQHandler
                0x0800200c       0x14 ./Core/Src/stm32f4xx_it.o
                0x0800200c                DMA1_Stream6_IRQHandler
 .text.DMA1_Stream7_IRQHandler
                0x08002020       0x14 ./Core/Src/stm32f4xx_it.o
                0x08002020                DMA1_Stream7_IRQHandler
 .text.SystemInit
                0x08002034       0x24 ./Core/Src/system_stm32f4xx.o
                0x08002034                SystemInit
 .text.Reset_Handler
                0x08002058       0x50 ./Core/Startup/startup_stm32f446retx.o
                0x08002058                Reset_Handler
 .text.Default_Handler
                0x080020a8        0x2 ./Core/Startup/startup_stm32f446retx.o
                0x080020a8                RTC_Alarm_IRQHandler
                0x080020a8                EXTI2_IRQHandler
                0x080020a8                TIM8_CC_IRQHandler
                0x080020a8                FMPI2C1_EV_IRQHandler
                0x080020a8                SPI4_IRQHandler
                0x080020a8                TIM1_CC_IRQHandler
                0x080020a8                DMA2_Stream5_IRQHandler
                0x080020a8                PVD_IRQHandler
                0x080020a8                SDIO_IRQHandler
                0x080020a8                TAMP_STAMP_IRQHandler
                0x080020a8                CAN2_RX1_IRQHandler
                0x080020a8                EXTI3_IRQHandler
                0x080020a8                TIM8_TRG_COM_TIM14_IRQHandler
                0x080020a8                TIM1_UP_TIM10_IRQHandler
                0x080020a8                TIM8_UP_TIM13_IRQHandler
                0x080020a8                I2C3_ER_IRQHandler
                0x080020a8                EXTI0_IRQHandler
                0x080020a8                I2C2_EV_IRQHandler
                0x080020a8                DMA1_Stream2_IRQHandler
                0x080020a8                CAN1_RX0_IRQHandler
                0x080020a8                FPU_IRQHandler
                0x080020a8                OTG_HS_WKUP_IRQHandler
                0x080020a8                CAN2_SCE_IRQHandler
                0x080020a8                DMA2_Stream2_IRQHandler
                0x080020a8                SPI1_IRQHandler
                0x080020a8                TIM6_DAC_IRQHandler
                0x080020a8                TIM1_BRK_TIM9_IRQHandler
                0x080020a8                DCMI_IRQHandler
                0x080020a8                CAN2_RX0_IRQHandler
                0x080020a8                DMA2_Stream3_IRQHandler
                0x080020a8                SAI2_IRQHandler
                0x080020a8                USART6_IRQHandler
                0x080020a8                USART3_IRQHandler
                0x080020a8                CAN1_RX1_IRQHandler
                0x080020a8                UART5_IRQHandler
                0x080020a8                DMA2_Stream0_IRQHandler
                0x080020a8                TIM4_IRQHandler
                0x080020a8                QUADSPI_IRQHandler
                0x080020a8                I2C1_EV_IRQHandler
                0x080020a8                UART4_IRQHandler
                0x080020a8                TIM3_IRQHandler
                0x080020a8                RCC_IRQHandler
                0x080020a8                TIM8_BRK_TIM12_IRQHandler
                0x080020a8                Default_Handler
                0x080020a8                CEC_IRQHandler
                0x080020a8                EXTI15_10_IRQHandler
                0x080020a8                ADC_IRQHandler
                0x080020a8                TIM7_IRQHandler
                0x080020a8                CAN2_TX_IRQHandler
                0x080020a8                TIM5_IRQHandler
                0x080020a8                DMA2_Stream7_IRQHandler
                0x080020a8                I2C3_EV_IRQHandler
                0x080020a8                EXTI9_5_IRQHandler
                0x080020a8                RTC_WKUP_IRQHandler
                0x080020a8                SPDIF_RX_IRQHandler
                0x080020a8                SPI2_IRQHandler
                0x080020a8                OTG_HS_EP1_IN_IRQHandler
                0x080020a8                CAN1_TX_IRQHandler
                0x080020a8                FMPI2C1_ER_IRQHandler
                0x080020a8                EXTI4_IRQHandler
                0x080020a8                OTG_HS_EP1_OUT_IRQHandler
                0x080020a8                WWDG_IRQHandler
                0x080020a8                TIM2_IRQHandler
                0x080020a8                OTG_FS_WKUP_IRQHandler
                0x080020a8                TIM1_TRG_COM_TIM11_IRQHandler
                0x080020a8                OTG_HS_IRQHandler
                0x080020a8                EXTI1_IRQHandler
                0x080020a8                USART2_IRQHandler
                0x080020a8                I2C2_ER_IRQHandler
                0x080020a8                DMA2_Stream1_IRQHandler
                0x080020a8                CAN1_SCE_IRQHandler
                0x080020a8                FLASH_IRQHandler
                0x080020a8                DMA2_Stream4_IRQHandler
                0x080020a8                USART1_IRQHandler
                0x080020a8                OTG_FS_IRQHandler
                0x080020a8                SPI3_IRQHandler
                0x080020a8                DMA1_Stream4_IRQHandler
                0x080020a8                I2C1_ER_IRQHandler
                0x080020a8                FMC_IRQHandler
                0x080020a8                DMA2_Stream6_IRQHandler
                0x080020a8                SAI1_IRQHandler
 *fill*         0x080020aa        0x2 
 .text.HAL_Init
                0x080020ac       0x44 ./Drivers/STM32F4xx_HAL_Driver/Src/stm32f4xx_hal.o
                0x080020ac                HAL_Init
 .text.HAL_InitTick
                0x080020f0       0x60 ./Drivers/STM32F4xx_HAL_Driver/Src/stm32f4xx_hal.o
                0x080020f0                HAL_InitTick
 .text.HAL_IncTick
                0x08002150       0x28 ./Drivers/STM32F4xx_HAL_Driver/Src/stm32f4xx_hal.o
                0x08002150                HAL_IncTick
 .text.HAL_GetTick
                0x08002178       0x18 ./Drivers/STM32F4xx_HAL_Driver/Src/stm32f4xx_hal.o
                0x08002178                HAL_GetTick
 .text.HAL_Delay
                0x08002190       0x48 ./Drivers/STM32F4xx_HAL_Driver/Src/stm32f4xx_hal.o
                0x08002190                HAL_Delay
 .text.__NVIC_SetPriorityGrouping
                0x080021d8       0x48 ./Drivers/STM32F4xx_HAL_Driver/Src/stm32f4xx_hal_cortex.o
 .text.__NVIC_GetPriorityGrouping
                0x08002220       0x1c ./Drivers/STM32F4xx_HAL_Driver/Src/stm32f4xx_hal_cortex.o
 .text.__NVIC_EnableIRQ
                0x0800223c       0x3c ./Drivers/STM32F4xx_HAL_Driver/Src/stm32f4xx_hal_cortex.o
 .text.__NVIC_SetPriority
                0x08002278       0x54 ./Drivers/STM32F4xx_HAL_Driver/Src/stm32f4xx_hal_cortex.o
 .text.NVIC_EncodePriority
                0x080022cc       0x66 ./Drivers/STM32F4xx_HAL_Driver/Src/stm32f4xx_hal_cortex.o
 *fill*         0x08002332        0x2 
 .text.SysTick_Config
                0x08002334       0x44 ./Drivers/STM32F4xx_HAL_Driver/Src/stm32f4xx_hal_cortex.o
 .text.HAL_NVIC_SetPriorityGrouping
                0x08002378       0x16 ./Drivers/STM32F4xx_HAL_Driver/Src/stm32f4xx_hal_cortex.o
                0x08002378                HAL_NVIC_SetPriorityGrouping
 .text.HAL_NVIC_SetPriority
                0x0800238e       0x38 ./Drivers/STM32F4xx_HAL_Driver/Src/stm32f4xx_hal_cortex.o
                0x0800238e                HAL_NVIC_SetPriority
 .text.HAL_NVIC_EnableIRQ
                0x080023c6       0x1c ./Drivers/STM32F4xx_HAL_Driver/Src/stm32f4xx_hal_cortex.o
                0x080023c6                HAL_NVIC_EnableIRQ
 .text.HAL_SYSTICK_Config
                0x080023e2       0x18 ./Drivers/STM32F4xx_HAL_Driver/Src/stm32f4xx_hal_cortex.o
                0x080023e2                HAL_SYSTICK_Config
 *fill*         0x080023fa        0x2 
 .text.HAL_DMA_Init
                0x080023fc      0x15c ./Drivers/STM32F4xx_HAL_Driver/Src/stm32f4xx_hal_dma.o
                0x080023fc                HAL_DMA_Init
 .text.HAL_DMA_Start_IT
                0x08002558       0xb0 ./Drivers/STM32F4xx_HAL_Driver/Src/stm32f4xx_hal_dma.o
                0x08002558                HAL_DMA_Start_IT
 .text.HAL_DMA_IRQHandler
                0x08002608      0x314 ./Drivers/STM32F4xx_HAL_Driver/Src/stm32f4xx_hal_dma.o
                0x08002608                HAL_DMA_IRQHandler
 .text.DMA_SetConfig
                0x0800291c       0x5c ./Drivers/STM32F4xx_HAL_Driver/Src/stm32f4xx_hal_dma.o
 .text.DMA_CalcBaseAndBitshift
                0x08002978       0x6c ./Drivers/STM32F4xx_HAL_Driver/Src/stm32f4xx_hal_dma.o
 .text.DMA_CheckFifoParam
                0x080029e4       0xf8 ./Drivers/STM32F4xx_HAL_Driver/Src/stm32f4xx_hal_dma.o
 .text.HAL_GPIO_Init
                0x08002adc      0x328 ./Drivers/STM32F4xx_HAL_Driver/Src/stm32f4xx_hal_gpio.o
                0x08002adc                HAL_GPIO_Init
 .text.HAL_GPIO_WritePin
                0x08002e04       0x32 ./Drivers/STM32F4xx_HAL_Driver/Src/stm32f4xx_hal_gpio.o
                0x08002e04                HAL_GPIO_WritePin
 *fill*         0x08002e36        0x2 
 .text.HAL_RCC_ClockConfig
                0x08002e38      0x1cc ./Drivers/STM32F4xx_HAL_Driver/Src/stm32f4xx_hal_rcc.o
                0x08002e38                HAL_RCC_ClockConfig
 .text.HAL_RCC_GetHCLKFreq
                0x08003004       0x18 ./Drivers/STM32F4xx_HAL_Driver/Src/stm32f4xx_hal_rcc.o
                0x08003004                HAL_RCC_GetHCLKFreq
 .text.HAL_RCC_GetPCLK1Freq
                0x0800301c       0x28 ./Drivers/STM32F4xx_HAL_Driver/Src/stm32f4xx_hal_rcc.o
                0x0800301c                HAL_RCC_GetPCLK1Freq
 .text.HAL_RCC_GetPCLK2Freq
                0x08003044       0x28 ./Drivers/STM32F4xx_HAL_Driver/Src/stm32f4xx_hal_rcc.o
                0x08003044                HAL_RCC_GetPCLK2Freq
 .text.HAL_RCC_GetSysClockFreq
                0x0800306c      0x460 ./Drivers/STM32F4xx_HAL_Driver/Src/stm32f4xx_hal_rcc_ex.o
                0x0800306c                HAL_RCC_GetSysClockFreq
 .text.HAL_RCC_OscConfig
                0x080034cc      0x53c ./Drivers/STM32F4xx_HAL_Driver/Src/stm32f4xx_hal_rcc_ex.o
                0x080034cc                HAL_RCC_OscConfig
 .text.HAL_SPI_Init
                0x08003a08      0x112 ./Drivers/STM32F4xx_HAL_Driver/Src/stm32f4xx_hal_spi.o
                0x08003a08                HAL_SPI_Init
 .text.HAL_UART_Init
                0x08003b1a       0xa0 ./Drivers/STM32F4xx_HAL_Driver/Src/stm32f4xx_hal_uart.o
                0x08003b1a                HAL_UART_Init
 .text.HAL_UART_Transmit
                0x08003bba      0x116 ./Drivers/STM32F4xx_HAL_Driver/Src/stm32f4xx_hal_uart.o
                0x08003bba                HAL_UART_Transmit
 .text.HAL_UART_Transmit_DMA
                0x08003cd0       0xe0 ./Drivers/STM32F4xx_HAL_Driver/Src/stm32f4xx_hal_uart.o
                0x08003cd0                HAL_UART_Transmit_DMA
 .text.HAL_UART_Receive_DMA
                0x08003db0       0x4a ./Drivers/STM32F4xx_HAL_Driver/Src/stm32f4xx_hal_uart.o
                0x08003db0                HAL_UART_Receive_DMA
 .text.HAL_UART_TxCpltCallback
                0x08003dfa       0x14 ./Drivers/STM32F4xx_HAL_Driver/Src/stm32f4xx_hal_uart.o
                0x08003dfa                HAL_UART_TxCpltCallback
 .text.HAL_UART_TxHalfCpltCallback
                0x08003e0e       0x14 ./Drivers/STM32F4xx_HAL_Driver/Src/stm32f4xx_hal_uart.o
                0x08003e0e                HAL_UART_TxHalfCpltCallback
 .text.HAL_UART_RxHalfCpltCallback
                0x08003e22       0x14 ./Drivers/STM32F4xx_HAL_Driver/Src/stm32f4xx_hal_uart.o
                0x08003e22                HAL_UART_RxHalfCpltCallback
 .text.HAL_UART_ErrorCallback
                0x08003e36       0x14 ./Drivers/STM32F4xx_HAL_Driver/Src/stm32f4xx_hal_uart.o
                0x08003e36                HAL_UART_ErrorCallback
 .text.HAL_UARTEx_RxEventCallback
                0x08003e4a       0x18 ./Drivers/STM32F4xx_HAL_Driver/Src/stm32f4xx_hal_uart.o
                0x08003e4a                HAL_UARTEx_RxEventCallback
 .text.UART_DMATransmitCplt
                0x08003e62       0x9a ./Drivers/STM32F4xx_HAL_Driver/Src/stm32f4xx_hal_uart.o
 .text.UART_DMATxHalfCplt
                0x08003efc       0x1c ./Drivers/STM32F4xx_HAL_Driver/Src/stm32f4xx_hal_uart.o
 .text.UART_DMAReceiveCplt
                0x08003f18      0x12c ./Drivers/STM32F4xx_HAL_Driver/Src/stm32f4xx_hal_uart.o
 .text.UART_DMARxHalfCplt
                0x08004044       0x3c ./Drivers/STM32F4xx_HAL_Driver/Src/stm32f4xx_hal_uart.o
 .text.UART_DMAError
                0x08004080       0x94 ./Drivers/STM32F4xx_HAL_Driver/Src/stm32f4xx_hal_uart.o
 .text.UART_WaitOnFlagUntilTimeout
                0x08004114       0xb2 ./Drivers/STM32F4xx_HAL_Driver/Src/stm32f4xx_hal_uart.o
 *fill*         0x080041c6        0x2 
 .text.UART_Start_Receive_DMA
                0x080041c8      0x134 ./Drivers/STM32F4xx_HAL_Driver/Src/stm32f4xx_hal_uart.o
                0x080041c8                UART_Start_Receive_DMA
 .text.UART_EndTxTransfer
                0x080042fc       0x50 ./Drivers/STM32F4xx_HAL_Driver/Src/stm32f4xx_hal_uart.o
 .text.UART_EndRxTransfer
                0x0800434c       0xc6 ./Drivers/STM32F4xx_HAL_Driver/Src/stm32f4xx_hal_uart.o
 *fill*         0x08004412        0x2 
 .text.UART_SetConfig
                0x08004414      0x4e8 ./Drivers/STM32F4xx_HAL_Driver/Src/stm32f4xx_hal_uart.o
 .text.MX_FATFS_Init
                0x080048fc       0x24 ./FATFS/App/fatfs.o
                0x080048fc                MX_FATFS_Init
 .text.USER_initialize
                0x08004920       0x28 ./FATFS/Target/user_diskio.o
                0x08004920                USER_initialize
 .text.USER_status
                0x08004948       0x28 ./FATFS/Target/user_diskio.o
                0x08004948                USER_status
 .text.USER_read
                0x08004970       0x1e ./FATFS/Target/user_diskio.o
                0x08004970                USER_read
 .text.USER_write
                0x0800498e       0x1e ./FATFS/Target/user_diskio.o
                0x0800498e                USER_write
 .text.USER_ioctl
                0x080049ac       0x22 ./FATFS/Target/user_diskio.o
                0x080049ac                USER_ioctl
 *fill*         0x080049ce        0x2 
 .text.FATFS_LinkDriverEx
                0x080049d0       0x98 ./Middlewares/Third_Party/FatFs/src/ff_gen_drv.o
                0x080049d0                FATFS_LinkDriverEx
 .text.FATFS_LinkDriver
                0x08004a68       0x1e ./Middlewares/Third_Party/FatFs/src/ff_gen_drv.o
                0x08004a68                FATFS_LinkDriver
 .text.memset   0x08004a86       0x10 C:/ST/STM32CubeIDE_1.18.0/STM32CubeIDE/plugins/com.st.stm32cube.ide.mcu.externaltools.gnu-tools-for-stm32.13.3.rel1.win32_1.0.0.202411081344/tools/bin/../lib/gcc/arm-none-eabi/13.3.1/../../../../arm-none-eabi/lib/thumb/v7e-m+fp/hard\libc_nano.a(libc_a-memset.o)
                0x08004a86                memset
 *fill*         0x08004a96        0x2 
 .text.__libc_init_array
                0x08004a98       0x48 C:/ST/STM32CubeIDE_1.18.0/STM32CubeIDE/plugins/com.st.stm32cube.ide.mcu.externaltools.gnu-tools-for-stm32.13.3.rel1.win32_1.0.0.202411081344/tools/bin/../lib/gcc/arm-none-eabi/13.3.1/../../../../arm-none-eabi/lib/thumb/v7e-m+fp/hard\libc_nano.a(libc_a-init.o)
                0x08004a98                __libc_init_array
 *(.glue_7)
 .glue_7        0x08004ae0        0x0 linker stubs
 *(.glue_7t)
 .glue_7t       0x08004ae0        0x0 linker stubs
 *(.eh_frame)
 .eh_frame      0x08004ae0        0x0 C:/ST/STM32CubeIDE_1.18.0/STM32CubeIDE/plugins/com.st.stm32cube.ide.mcu.externaltools.gnu-tools-for-stm32.13.3.rel1.win32_1.0.0.202411081344/tools/bin/../lib/gcc/arm-none-eabi/13.3.1/thumb/v7e-m+fp/hard/crtbegin.o
 *(.init)
 .init          0x08004ae0        0x4 C:/ST/STM32CubeIDE_1.18.0/STM32CubeIDE/plugins/com.st.stm32cube.ide.mcu.externaltools.gnu-tools-for-stm32.13.3.rel1.win32_1.0.0.202411081344/tools/bin/../lib/gcc/arm-none-eabi/13.3.1/thumb/v7e-m+fp/hard/crti.o
                0x08004ae0                _init
 .init          0x08004ae4        0x8 C:/ST/STM32CubeIDE_1.18.0/STM32CubeIDE/plugins/com.st.stm32cube.ide.mcu.externaltools.gnu-tools-for-stm32.13.3.rel1.win32_1.0.0.202411081344/tools/bin/../lib/gcc/arm-none-eabi/13.3.1/thumb/v7e-m+fp/hard/crtn.o
 *(.fini)
 .fini          0x08004aec        0x4 C:/ST/STM32CubeIDE_1.18.0/STM32CubeIDE/plugins/com.st.stm32cube.ide.mcu.externaltools.gnu-tools-for-stm32.13.3.rel1.win32_1.0.0.202411081344/tools/bin/../lib/gcc/arm-none-eabi/13.3.1/thumb/v7e-m+fp/hard/crti.o
                0x08004aec                _fini
 .fini          0x08004af0        0x8 C:/ST/STM32CubeIDE_1.18.0/STM32CubeIDE/plugins/com.st.stm32cube.ide.mcu.externaltools.gnu-tools-for-stm32.13.3.rel1.win32_1.0.0.202411081344/tools/bin/../lib/gcc/arm-none-eabi/13.3.1/thumb/v7e-m+fp/hard/crtn.o
                0x08004af8                        . = ALIGN (0x4)
                0x08004af8                        _etext = .

.vfp11_veneer   0x08004af8        0x0
 .vfp11_veneer  0x08004af8        0x0 linker stubs

.v4_bx          0x08004af8        0x0
 .v4_bx         0x08004af8        0x0 linker stubs

.iplt           0x08004af8        0x0
 .iplt          0x08004af8        0x0 C:/ST/STM32CubeIDE_1.18.0/STM32CubeIDE/plugins/com.st.stm32cube.ide.mcu.externaltools.gnu-tools-for-stm32.13.3.rel1.win32_1.0.0.202411081344/tools/bin/../lib/gcc/arm-none-eabi/13.3.1/thumb/v7e-m+fp/hard/crtbegin.o

.rodata         0x08004af8    0x25640
                0x08004af8                        . = ALIGN (0x4)
 *(.rodata)
 *(.rodata*)
 .rodata.Title_screen_8
                0x08004af8    0x25620 ./Core/Src/main.o
                0x08004af8                Title_screen_8
 .rodata.AHBPrescTable
                0x0802a118       0x10 ./Core/Src/system_stm32f4xx.o
                0x0802a118                AHBPrescTable
 .rodata.APBPrescTable
                0x0802a128        0x8 ./Core/Src/system_stm32f4xx.o
                0x0802a128                APBPrescTable
 .rodata.flagBitshiftOffset.0
                0x0802a130        0x8 ./Drivers/STM32F4xx_HAL_Driver/Src/stm32f4xx_hal_dma.o
                0x0802a138                        . = ALIGN (0x4)

.ARM.extab      0x0802a138        0x0
                0x0802a138                        . = ALIGN (0x4)
 *(.ARM.extab* .gnu.linkonce.armextab.*)
                0x0802a138                        . = ALIGN (0x4)

.ARM            0x0802a138        0x8
                0x0802a138                        . = ALIGN (0x4)
                0x0802a138                        __exidx_start = .
 *(.ARM.exidx*)
 .ARM.exidx     0x0802a138        0x8 C:/ST/STM32CubeIDE_1.18.0/STM32CubeIDE/plugins/com.st.stm32cube.ide.mcu.externaltools.gnu-tools-for-stm32.13.3.rel1.win32_1.0.0.202411081344/tools/bin/../lib/gcc/arm-none-eabi/13.3.1/thumb/v7e-m+fp/hard\libgcc.a(_udivmoddi4.o)
                0x0802a140                        __exidx_end = .
                0x0802a140                        . = ALIGN (0x4)

.preinit_array  0x0802a140        0x0
                0x0802a140                        . = ALIGN (0x4)
                0x0802a140                        PROVIDE (__preinit_array_start = .)
 *(.preinit_array*)
                0x0802a140                        PROVIDE (__preinit_array_end = .)
                0x0802a140                        . = ALIGN (0x4)

.init_array     0x0802a140        0x4
                0x0802a140                        . = ALIGN (0x4)
                0x0802a140                        PROVIDE (__init_array_start = .)
 *(SORT_BY_NAME(.init_array.*))
 *(.init_array*)
 .init_array    0x0802a140        0x4 C:/ST/STM32CubeIDE_1.18.0/STM32CubeIDE/plugins/com.st.stm32cube.ide.mcu.externaltools.gnu-tools-for-stm32.13.3.rel1.win32_1.0.0.202411081344/tools/bin/../lib/gcc/arm-none-eabi/13.3.1/thumb/v7e-m+fp/hard/crtbegin.o
                0x0802a144                        PROVIDE (__init_array_end = .)
                0x0802a144                        . = ALIGN (0x4)

.fini_array     0x0802a144        0x4
                0x0802a144                        . = ALIGN (0x4)
                [!provide]                        PROVIDE (__fini_array_start = .)
 *(SORT_BY_NAME(.fini_array.*))
 *(.fini_array*)
 .fini_array    0x0802a144        0x4 C:/ST/STM32CubeIDE_1.18.0/STM32CubeIDE/plugins/com.st.stm32cube.ide.mcu.externaltools.gnu-tools-for-stm32.13.3.rel1.win32_1.0.0.202411081344/tools/bin/../lib/gcc/arm-none-eabi/13.3.1/thumb/v7e-m+fp/hard/crtbegin.o
                [!provide]                        PROVIDE (__fini_array_end = .)
                0x0802a148                        . = ALIGN (0x4)
                0x0802a148                        _sidata = LOADADDR (.data)

.rel.dyn        0x0802a148        0x0
 .rel.iplt      0x0802a148        0x0 C:/ST/STM32CubeIDE_1.18.0/STM32CubeIDE/plugins/com.st.stm32cube.ide.mcu.externaltools.gnu-tools-for-stm32.13.3.rel1.win32_1.0.0.202411081344/tools/bin/../lib/gcc/arm-none-eabi/13.3.1/thumb/v7e-m+fp/hard/crtbegin.o

.data           0x20000000     0x5ca8 load address 0x0802a148
                0x20000000                        . = ALIGN (0x4)
                0x20000000                        _sdata = .
 *(.data)
 *(.data*)
 .data.tile_brinstar1
                0x20000000      0x200 ./Core/Src/main.o
                0x20000000                tile_brinstar1
 .data.samus_Idle_walk
                0x20000200     0x1400 ./Core/Src/main.o
                0x20000200                samus_Idle_walk
 .data.samus_jump
                0x20001600      0x384 ./Core/Src/main.o
                0x20001600                samus_jump
 .data.ridley   0x20001984     0x42d8 ./Core/Src/main.o
                0x20001984                ridley
 .data.Up       0x20005c5c        0x5 ./Core/Src/main.o
                0x20005c5c                Up
 *fill*         0x20005c61        0x3 
 .data.Down     0x20005c64        0x7 ./Core/Src/main.o
                0x20005c64                Down
 *fill*         0x20005c6b        0x1 
 .data.Left     0x20005c6c        0x7 ./Core/Src/main.o
                0x20005c6c                Left
 *fill*         0x20005c73        0x1 
 .data.Right    0x20005c74        0x8 ./Core/Src/main.o
                0x20005c74                Right
 .data.A        0x20005c7c        0x4 ./Core/Src/main.o
                0x20005c7c                A
 .data.B        0x20005c80        0x4 ./Core/Src/main.o
                0x20005c80                B
 .data.xr       0x20005c84        0x1 ./Core/Src/main.o
                0x20005c84                xr
 .data.yr       0x20005c85        0x1 ./Core/Src/main.o
                0x20005c85                yr
 .data.xf       0x20005c86        0x1 ./Core/Src/main.o
                0x20005c86                xf
 .data.yf       0x20005c87        0x1 ./Core/Src/main.o
                0x20005c87                yf
 .data.SystemCoreClock
                0x20005c88        0x4 ./Core/Src/system_stm32f4xx.o
                0x20005c88                SystemCoreClock
 .data.uwTickPrio
                0x20005c8c        0x4 ./Drivers/STM32F4xx_HAL_Driver/Src/stm32f4xx_hal.o
                0x20005c8c                uwTickPrio
 .data.uwTickFreq
                0x20005c90        0x1 ./Drivers/STM32F4xx_HAL_Driver/Src/stm32f4xx_hal.o
                0x20005c90                uwTickFreq
 .data.Stat     0x20005c91        0x1 ./FATFS/Target/user_diskio.o
 *fill*         0x20005c92        0x2 
 .data.USER_Driver
                0x20005c94       0x14 ./FATFS/Target/user_diskio.o
                0x20005c94                USER_Driver
 *(.RamFunc)
 *(.RamFunc*)
                0x20005ca8                        . = ALIGN (0x4)
                0x20005ca8                        _edata = .

.igot.plt       0x20005ca8        0x0 load address 0x0802fdf0
 .igot.plt      0x20005ca8        0x0 C:/ST/STM32CubeIDE_1.18.0/STM32CubeIDE/plugins/com.st.stm32cube.ide.mcu.externaltools.gnu-tools-for-stm32.13.3.rel1.win32_1.0.0.202411081344/tools/bin/../lib/gcc/arm-none-eabi/13.3.1/thumb/v7e-m+fp/hard/crtbegin.o
                0x20005ca8                        . = ALIGN (0x4)

.bss            0x20005ca8      0x3c8 load address 0x0802fdf0
                0x20005ca8                        _sbss = .
                0x20005ca8                        __bss_start__ = _sbss
 *(.bss)
 .bss           0x20005ca8       0x1c C:/ST/STM32CubeIDE_1.18.0/STM32CubeIDE/plugins/com.st.stm32cube.ide.mcu.externaltools.gnu-tools-for-stm32.13.3.rel1.win32_1.0.0.202411081344/tools/bin/../lib/gcc/arm-none-eabi/13.3.1/thumb/v7e-m+fp/hard/crtbegin.o
 *(.bss*)
 .bss.hspi1     0x20005cc4       0x58 ./Core/Src/main.o
                0x20005cc4                hspi1
 .bss.huart5    0x20005d1c       0x48 ./Core/Src/main.o
                0x20005d1c                huart5
 .bss.huart2    0x20005d64       0x48 ./Core/Src/main.o
                0x20005d64                huart2
 .bss.huart3    0x20005dac       0x48 ./Core/Src/main.o
                0x20005dac                huart3
 .bss.hdma_uart5_rx
                0x20005df4       0x60 ./Core/Src/main.o
                0x20005df4                hdma_uart5_rx
 .bss.hdma_uart5_tx
                0x20005e54       0x60 ./Core/Src/main.o
                0x20005e54                hdma_uart5_tx
 .bss.hdma_usart2_rx
                0x20005eb4       0x60 ./Core/Src/main.o
                0x20005eb4                hdma_usart2_rx
 .bss.hdma_usart2_tx
                0x20005f14       0x60 ./Core/Src/main.o
                0x20005f14                hdma_usart2_tx
 .bss.hdma_usart3_tx
                0x20005f74       0x60 ./Core/Src/main.o
                0x20005f74                hdma_usart3_tx
 .bss.hdma_usart3_rx
                0x20005fd4       0x60 ./Core/Src/main.o
                0x20005fd4                hdma_usart3_rx
 .bss.buffer    0x20006034       0x14 ./Core/Src/main.o
                0x20006034                buffer
 .bss.temp      0x20006048        0x2 ./Core/Src/main.o
                0x20006048                temp
 .bss.indx      0x2000604a        0x2 ./Core/Src/main.o
                0x2000604a                indx
 .bss.flag_up   0x2000604c        0x1 ./Core/Src/main.o
                0x2000604c                flag_up
 .bss.flag_down
                0x2000604d        0x1 ./Core/Src/main.o
                0x2000604d                flag_down
 .bss.flag_left
                0x2000604e        0x1 ./Core/Src/main.o
                0x2000604e                flag_left
 .bss.flag_right
                0x2000604f        0x1 ./Core/Src/main.o
                0x2000604f                flag_right
 .bss.flag_A    0x20006050        0x1 ./Core/Src/main.o
                0x20006050                flag_A
 .bss.flag_B    0x20006051        0x1 ./Core/Src/main.o
                0x20006051                flag_B
 .bss.flag_Start
                0x20006052        0x1 ./Core/Src/main.o
                0x20006052                flag_Start
 .bss.flag_Select
                0x20006053        0x1 ./Core/Src/main.o
                0x20006053                flag_Select
 .bss.flag_title
                0x20006054        0x1 ./Core/Src/main.o
                0x20006054                flag_title
 .bss.Estado_de_juego
                0x20006055        0x1 ./Core/Src/main.o
                0x20006055                Estado_de_juego
 *fill*         0x20006056        0x2 
 .bss.uwTick    0x20006058        0x4 ./Drivers/STM32F4xx_HAL_Driver/Src/stm32f4xx_hal.o
                0x20006058                uwTick
 .bss.retUSER   0x2000605c        0x1 ./FATFS/App/fatfs.o
                0x2000605c                retUSER
 *fill*         0x2000605d        0x3 
 .bss.USERPath  0x20006060        0x4 ./FATFS/App/fatfs.o
                0x20006060                USERPath
 .bss.disk      0x20006064        0xc ./Middlewares/Third_Party/FatFs/src/ff_gen_drv.o
                0x20006064                disk
 *(COMMON)
                0x20006070                        . = ALIGN (0x4)
                0x20006070                        _ebss = .
                0x20006070                        __bss_end__ = _ebss

._user_heap_stack
                0x20006070      0x600 load address 0x0802fdf0
                0x20006070                        . = ALIGN (0x8)
                [!provide]                        PROVIDE (end = .)
                0x20006070                        PROVIDE (_end = .)
                0x20006270                        . = (. + _Min_Heap_Size)
 *fill*         0x20006070      0x200 
                0x20006670                        . = (. + _Min_Stack_Size)
 *fill*         0x20006270      0x400 
                0x20006670                        . = ALIGN (0x8)

/DISCARD/
 libc.a(*)
 libm.a(*)
 libgcc.a(*)

.ARM.attributes
                0x00000000       0x30
 *(.ARM.attributes)
 .ARM.attributes
                0x00000000       0x22 C:/ST/STM32CubeIDE_1.18.0/STM32CubeIDE/plugins/com.st.stm32cube.ide.mcu.externaltools.gnu-tools-for-stm32.13.3.rel1.win32_1.0.0.202411081344/tools/bin/../lib/gcc/arm-none-eabi/13.3.1/thumb/v7e-m+fp/hard/crti.o
 .ARM.attributes
                0x00000022       0x34 C:/ST/STM32CubeIDE_1.18.0/STM32CubeIDE/plugins/com.st.stm32cube.ide.mcu.externaltools.gnu-tools-for-stm32.13.3.rel1.win32_1.0.0.202411081344/tools/bin/../lib/gcc/arm-none-eabi/13.3.1/thumb/v7e-m+fp/hard/crtbegin.o
 .ARM.attributes
                0x00000056       0x34 ./Core/Src/ili9341.o
 .ARM.attributes
                0x0000008a       0x34 ./Core/Src/main.o
 .ARM.attributes
                0x000000be       0x34 ./Core/Src/stm32f4xx_hal_msp.o
 .ARM.attributes
                0x000000f2       0x34 ./Core/Src/stm32f4xx_it.o
 .ARM.attributes
                0x00000126       0x34 ./Core/Src/system_stm32f4xx.o
 .ARM.attributes
                0x0000015a       0x21 ./Core/Startup/startup_stm32f446retx.o
 .ARM.attributes
                0x0000017b       0x34 ./Drivers/STM32F4xx_HAL_Driver/Src/stm32f4xx_hal.o
 .ARM.attributes
                0x000001af       0x34 ./Drivers/STM32F4xx_HAL_Driver/Src/stm32f4xx_hal_cortex.o
 .ARM.attributes
                0x000001e3       0x34 ./Drivers/STM32F4xx_HAL_Driver/Src/stm32f4xx_hal_dma.o
 .ARM.attributes
                0x00000217       0x34 ./Drivers/STM32F4xx_HAL_Driver/Src/stm32f4xx_hal_gpio.o
 .ARM.attributes
                0x0000024b       0x34 ./Drivers/STM32F4xx_HAL_Driver/Src/stm32f4xx_hal_rcc.o
 .ARM.attributes
                0x0000027f       0x34 ./Drivers/STM32F4xx_HAL_Driver/Src/stm32f4xx_hal_rcc_ex.o
 .ARM.attributes
                0x000002b3       0x34 ./Drivers/STM32F4xx_HAL_Driver/Src/stm32f4xx_hal_spi.o
 .ARM.attributes
                0x000002e7       0x34 ./Drivers/STM32F4xx_HAL_Driver/Src/stm32f4xx_hal_uart.o
 .ARM.attributes
                0x0000031b       0x34 ./FATFS/App/fatfs.o
 .ARM.attributes
                0x0000034f       0x34 ./FATFS/Target/user_diskio.o
 .ARM.attributes
                0x00000383       0x34 ./Middlewares/Third_Party/FatFs/src/ff_gen_drv.o
 .ARM.attributes
                0x000003b7       0x34 C:/ST/STM32CubeIDE_1.18.0/STM32CubeIDE/plugins/com.st.stm32cube.ide.mcu.externaltools.gnu-tools-for-stm32.13.3.rel1.win32_1.0.0.202411081344/tools/bin/../lib/gcc/arm-none-eabi/13.3.1/../../../../arm-none-eabi/lib/thumb/v7e-m+fp/hard\libc_nano.a(libc_a-memset.o)
 .ARM.attributes
                0x000003eb       0x34 C:/ST/STM32CubeIDE_1.18.0/STM32CubeIDE/plugins/com.st.stm32cube.ide.mcu.externaltools.gnu-tools-for-stm32.13.3.rel1.win32_1.0.0.202411081344/tools/bin/../lib/gcc/arm-none-eabi/13.3.1/../../../../arm-none-eabi/lib/thumb/v7e-m+fp/hard\libc_nano.a(libc_a-init.o)
 .ARM.attributes
                0x0000041f       0x22 C:/ST/STM32CubeIDE_1.18.0/STM32CubeIDE/plugins/com.st.stm32cube.ide.mcu.externaltools.gnu-tools-for-stm32.13.3.rel1.win32_1.0.0.202411081344/tools/bin/../lib/gcc/arm-none-eabi/13.3.1/thumb/v7e-m+fp/hard\libgcc.a(_aeabi_uldivmod.o)
 .ARM.attributes
                0x00000441       0x34 C:/ST/STM32CubeIDE_1.18.0/STM32CubeIDE/plugins/com.st.stm32cube.ide.mcu.externaltools.gnu-tools-for-stm32.13.3.rel1.win32_1.0.0.202411081344/tools/bin/../lib/gcc/arm-none-eabi/13.3.1/thumb/v7e-m+fp/hard\libgcc.a(_udivmoddi4.o)
 .ARM.attributes
                0x00000475       0x22 C:/ST/STM32CubeIDE_1.18.0/STM32CubeIDE/plugins/com.st.stm32cube.ide.mcu.externaltools.gnu-tools-for-stm32.13.3.rel1.win32_1.0.0.202411081344/tools/bin/../lib/gcc/arm-none-eabi/13.3.1/thumb/v7e-m+fp/hard\libgcc.a(_dvmd_tls.o)
 .ARM.attributes
                0x00000497       0x22 C:/ST/STM32CubeIDE_1.18.0/STM32CubeIDE/plugins/com.st.stm32cube.ide.mcu.externaltools.gnu-tools-for-stm32.13.3.rel1.win32_1.0.0.202411081344/tools/bin/../lib/gcc/arm-none-eabi/13.3.1/thumb/v7e-m+fp/hard/crtn.o
OUTPUT(Proyecto2_videojuego.elf elf32-littlearm)
LOAD linker stubs
LOAD C:/ST/STM32CubeIDE_1.18.0/STM32CubeIDE/plugins/com.st.stm32cube.ide.mcu.externaltools.gnu-tools-for-stm32.13.3.rel1.win32_1.0.0.202411081344/tools/bin/../lib/gcc/arm-none-eabi/13.3.1/../../../../arm-none-eabi/lib/thumb/v7e-m+fp/hard\libc.a
LOAD C:/ST/STM32CubeIDE_1.18.0/STM32CubeIDE/plugins/com.st.stm32cube.ide.mcu.externaltools.gnu-tools-for-stm32.13.3.rel1.win32_1.0.0.202411081344/tools/bin/../lib/gcc/arm-none-eabi/13.3.1/../../../../arm-none-eabi/lib/thumb/v7e-m+fp/hard\libm.a
LOAD C:/ST/STM32CubeIDE_1.18.0/STM32CubeIDE/plugins/com.st.stm32cube.ide.mcu.externaltools.gnu-tools-for-stm32.13.3.rel1.win32_1.0.0.202411081344/tools/bin/../lib/gcc/arm-none-eabi/13.3.1/thumb/v7e-m+fp/hard\libgcc.a

.debug_info     0x00000000     0xc509
 .debug_info    0x00000000      0x81b ./Core/Src/ili9341.o
 .debug_info    0x0000081b     0x1c64 ./Core/Src/main.o
 .debug_info    0x0000247f      0xd4b ./Core/Src/stm32f4xx_hal_msp.o
 .debug_info    0x000031ca      0x42b ./Core/Src/stm32f4xx_it.o
 .debug_info    0x000035f5      0x54a ./Core/Src/system_stm32f4xx.o
 .debug_info    0x00003b3f       0x30 ./Core/Startup/startup_stm32f446retx.o
 .debug_info    0x00003b6f      0x99a ./Drivers/STM32F4xx_HAL_Driver/Src/stm32f4xx_hal.o
 .debug_info    0x00004509      0xdaa ./Drivers/STM32F4xx_HAL_Driver/Src/stm32f4xx_hal_cortex.o
 .debug_info    0x000052b3      0x8e7 ./Drivers/STM32F4xx_HAL_Driver/Src/stm32f4xx_hal_dma.o
 .debug_info    0x00005b9a      0x70b ./Drivers/STM32F4xx_HAL_Driver/Src/stm32f4xx_hal_gpio.o
 .debug_info    0x000062a5      0x8eb ./Drivers/STM32F4xx_HAL_Driver/Src/stm32f4xx_hal_rcc.o
 .debug_info    0x00006b90      0x956 ./Drivers/STM32F4xx_HAL_Driver/Src/stm32f4xx_hal_rcc_ex.o
 .debug_info    0x000074e6     0x1525 ./Drivers/STM32F4xx_HAL_Driver/Src/stm32f4xx_hal_spi.o
 .debug_info    0x00008a0b     0x2f4f ./Drivers/STM32F4xx_HAL_Driver/Src/stm32f4xx_hal_uart.o
 .debug_info    0x0000b95a      0x508 ./FATFS/App/fatfs.o
 .debug_info    0x0000be62      0x328 ./FATFS/Target/user_diskio.o
 .debug_info    0x0000c18a      0x37f ./Middlewares/Third_Party/FatFs/src/ff_gen_drv.o

.debug_abbrev   0x00000000     0x2281
 .debug_abbrev  0x00000000      0x203 ./Core/Src/ili9341.o
 .debug_abbrev  0x00000203      0x38c ./Core/Src/main.o
 .debug_abbrev  0x0000058f      0x243 ./Core/Src/stm32f4xx_hal_msp.o
 .debug_abbrev  0x000007d2      0x186 ./Core/Src/stm32f4xx_it.o
 .debug_abbrev  0x00000958      0x11a ./Core/Src/system_stm32f4xx.o
 .debug_abbrev  0x00000a72       0x24 ./Core/Startup/startup_stm32f446retx.o
 .debug_abbrev  0x00000a96      0x214 ./Drivers/STM32F4xx_HAL_Driver/Src/stm32f4xx_hal.o
 .debug_abbrev  0x00000caa      0x31d ./Drivers/STM32F4xx_HAL_Driver/Src/stm32f4xx_hal_cortex.o
 .debug_abbrev  0x00000fc7      0x264 ./Drivers/STM32F4xx_HAL_Driver/Src/stm32f4xx_hal_dma.o
 .debug_abbrev  0x0000122b      0x1d4 ./Drivers/STM32F4xx_HAL_Driver/Src/stm32f4xx_hal_gpio.o
 .debug_abbrev  0x000013ff      0x2b7 ./Drivers/STM32F4xx_HAL_Driver/Src/stm32f4xx_hal_rcc.o
 .debug_abbrev  0x000016b6      0x20a ./Drivers/STM32F4xx_HAL_Driver/Src/stm32f4xx_hal_rcc_ex.o
 .debug_abbrev  0x000018c0      0x27a ./Drivers/STM32F4xx_HAL_Driver/Src/stm32f4xx_hal_spi.o
 .debug_abbrev  0x00001b3a      0x30e ./Drivers/STM32F4xx_HAL_Driver/Src/stm32f4xx_hal_uart.o
 .debug_abbrev  0x00001e48      0x15e ./FATFS/App/fatfs.o
 .debug_abbrev  0x00001fa6      0x13c ./FATFS/Target/user_diskio.o
 .debug_abbrev  0x000020e2      0x19f ./Middlewares/Third_Party/FatFs/src/ff_gen_drv.o

.debug_aranges  0x00000000      0xaa0
 .debug_aranges
                0x00000000       0x78 ./Core/Src/ili9341.o
 .debug_aranges
                0x00000078       0x80 ./Core/Src/main.o
 .debug_aranges
                0x000000f8       0x40 ./Core/Src/stm32f4xx_hal_msp.o
 .debug_aranges
                0x00000138       0x90 ./Core/Src/stm32f4xx_it.o
 .debug_aranges
                0x000001c8       0x28 ./Core/Src/system_stm32f4xx.o
 .debug_aranges
                0x000001f0       0x28 ./Core/Startup/startup_stm32f446retx.o
 .debug_aranges
                0x00000218       0xf0 ./Drivers/STM32F4xx_HAL_Driver/Src/stm32f4xx_hal.o
 .debug_aranges
                0x00000308      0x130 ./Drivers/STM32F4xx_HAL_Driver/Src/stm32f4xx_hal_cortex.o
 .debug_aranges
                0x00000438       0x90 ./Drivers/STM32F4xx_HAL_Driver/Src/stm32f4xx_hal_dma.o
 .debug_aranges
                0x000004c8       0x58 ./Drivers/STM32F4xx_HAL_Driver/Src/stm32f4xx_hal_gpio.o
 .debug_aranges
                0x00000520       0x88 ./Drivers/STM32F4xx_HAL_Driver/Src/stm32f4xx_hal_rcc.o
 .debug_aranges
                0x000005a8       0x78 ./Drivers/STM32F4xx_HAL_Driver/Src/stm32f4xx_hal_rcc_ex.o
 .debug_aranges
                0x00000620      0x1d0 ./Drivers/STM32F4xx_HAL_Driver/Src/stm32f4xx_hal_spi.o
 .debug_aranges
                0x000007f0      0x208 ./Drivers/STM32F4xx_HAL_Driver/Src/stm32f4xx_hal_uart.o
 .debug_aranges
                0x000009f8       0x28 ./FATFS/App/fatfs.o
 .debug_aranges
                0x00000a20       0x40 ./FATFS/Target/user_diskio.o
 .debug_aranges
                0x00000a60       0x40 ./Middlewares/Third_Party/FatFs/src/ff_gen_drv.o

.debug_rnglists
                0x00000000      0x826
 .debug_rnglists
                0x00000000       0x60 ./Core/Src/ili9341.o
 .debug_rnglists
                0x00000060       0x61 ./Core/Src/main.o
 .debug_rnglists
                0x000000c1       0x2e ./Core/Src/stm32f4xx_hal_msp.o
 .debug_rnglists
                0x000000ef       0x67 ./Core/Src/stm32f4xx_it.o
 .debug_rnglists
                0x00000156       0x1a ./Core/Src/system_stm32f4xx.o
 .debug_rnglists
                0x00000170       0x19 ./Core/Startup/startup_stm32f446retx.o
 .debug_rnglists
                0x00000189       0xaf ./Drivers/STM32F4xx_HAL_Driver/Src/stm32f4xx_hal.o
 .debug_rnglists
                0x00000238       0xe0 ./Drivers/STM32F4xx_HAL_Driver/Src/stm32f4xx_hal_cortex.o
 .debug_rnglists
                0x00000318       0x70 ./Drivers/STM32F4xx_HAL_Driver/Src/stm32f4xx_hal_dma.o
 .debug_rnglists
                0x00000388       0x3f ./Drivers/STM32F4xx_HAL_Driver/Src/stm32f4xx_hal_gpio.o
 .debug_rnglists
                0x000003c7       0x66 ./Drivers/STM32F4xx_HAL_Driver/Src/stm32f4xx_hal_rcc.o
 .debug_rnglists
                0x0000042d       0x5e ./Drivers/STM32F4xx_HAL_Driver/Src/stm32f4xx_hal_rcc_ex.o
 .debug_rnglists
                0x0000048b      0x16f ./Drivers/STM32F4xx_HAL_Driver/Src/stm32f4xx_hal_spi.o
 .debug_rnglists
                0x000005fa      0x1bc ./Drivers/STM32F4xx_HAL_Driver/Src/stm32f4xx_hal_uart.o
 .debug_rnglists
                0x000007b6       0x19 ./FATFS/App/fatfs.o
 .debug_rnglists
                0x000007cf       0x2b ./FATFS/Target/user_diskio.o
 .debug_rnglists
                0x000007fa       0x2c ./Middlewares/Third_Party/FatFs/src/ff_gen_drv.o

.debug_macro    0x00000000     0x355d
 .debug_macro   0x00000000      0x316 ./Core/Src/ili9341.o
 .debug_macro   0x00000316       0x34 ./Core/Src/ili9341.o
 .debug_macro   0x0000034a       0x16 ./Core/Src/ili9341.o
 .debug_macro   0x00000360      0x11c ./Core/Src/ili9341.o
 .debug_macro   0x0000047c       0x9b ./Core/Src/ili9341.o
 .debug_macro   0x00000517      0x370 ./Core/Src/ili9341.o
 .debug_macro   0x00000887       0x16 ./Core/Src/ili9341.o
 .debug_macro   0x0000089d       0x4a ./Core/Src/ili9341.o
 .debug_macro   0x000008e7       0x34 ./Core/Src/ili9341.o
 .debug_macro   0x0000091b       0x10 ./Core/Src/ili9341.o
 .debug_macro   0x0000092b       0x58 ./Core/Src/ili9341.o
 .debug_macro   0x00000983       0x8e ./Core/Src/ili9341.o
 .debug_macro   0x00000a11       0x1c ./Core/Src/ili9341.o
 .debug_macro   0x00000a2d      0x185 ./Core/Src/ili9341.o
 .debug_macro   0x00000bb2       0x16 ./Core/Src/ili9341.o
 .debug_macro   0x00000bc8       0x29 ./Core/Src/ili9341.o
 .debug_macro   0x00000bf1       0x16 ./Core/Src/ili9341.o
 .debug_macro   0x00000c07       0x3c ./Core/Src/ili9341.o
 .debug_macro   0x00000c43       0x20 ./Core/Src/ili9341.o
 .debug_macro   0x00000c63      0x118 ./Core/Src/ili9341.o
 .debug_macro   0x00000d7b       0x3a ./Core/Src/ili9341.o
 .debug_macro   0x00000db5       0x56 ./Core/Src/ili9341.o
 .debug_macro   0x00000e0b       0xe8 ./Core/Src/ili9341.o
 .debug_macro   0x00000ef3      0x3cd ./Core/Src/main.o
 .debug_macro   0x000012c0       0xeb ./Core/Src/main.o
 .debug_macro   0x000013ab       0x61 ./Core/Src/main.o
 .debug_macro   0x0000140c       0x12 ./Core/Src/main.o
 .debug_macro   0x0000141e       0xe2 ./Core/Src/main.o
 .debug_macro   0x00001500       0x8e ./Core/Src/main.o
 .debug_macro   0x0000158e       0x1c ./Core/Src/main.o
 .debug_macro   0x000015aa       0x10 ./Core/Src/main.o
 .debug_macro   0x000015ba       0x1c ./Core/Src/main.o
 .debug_macro   0x000015d6       0x16 ./Core/Src/main.o
 .debug_macro   0x000015ec      0x146 ./Core/Src/main.o
 .debug_macro   0x00001732       0x10 ./Core/Src/main.o
 .debug_macro   0x00001742      0x1d3 ./Core/Src/stm32f4xx_hal_msp.o
 .debug_macro   0x00001915      0x1dd ./Core/Src/stm32f4xx_it.o
 .debug_macro   0x00001af2      0x1c4 ./Core/Src/system_stm32f4xx.o
 .debug_macro   0x00001cb6      0x224 ./Drivers/STM32F4xx_HAL_Driver/Src/stm32f4xx_hal.o
 .debug_macro   0x00001eda      0x1c4 ./Drivers/STM32F4xx_HAL_Driver/Src/stm32f4xx_hal_cortex.o
 .debug_macro   0x0000209e      0x1ca ./Drivers/STM32F4xx_HAL_Driver/Src/stm32f4xx_hal_dma.o
 .debug_macro   0x00002268      0x1ca ./Drivers/STM32F4xx_HAL_Driver/Src/stm32f4xx_hal_gpio.o
 .debug_macro   0x00002432      0x1e8 ./Drivers/STM32F4xx_HAL_Driver/Src/stm32f4xx_hal_rcc.o
 .debug_macro   0x0000261a      0x1c4 ./Drivers/STM32F4xx_HAL_Driver/Src/stm32f4xx_hal_rcc_ex.o
 .debug_macro   0x000027de      0x1d3 ./Drivers/STM32F4xx_HAL_Driver/Src/stm32f4xx_hal_spi.o
 .debug_macro   0x000029b1      0x1c5 ./Drivers/STM32F4xx_HAL_Driver/Src/stm32f4xx_hal_uart.o
 .debug_macro   0x00002b76      0x2f8 ./FATFS/App/fatfs.o
 .debug_macro   0x00002e6e       0xe5 ./FATFS/App/fatfs.o
 .debug_macro   0x00002f53      0x315 ./FATFS/Target/user_diskio.o
 .debug_macro   0x00003268       0x10 ./FATFS/Target/user_diskio.o
 .debug_macro   0x00003278      0x2e5 ./Middlewares/Third_Party/FatFs/src/ff_gen_drv.o

.debug_line     0x00000000     0xe94c
 .debug_line    0x00000000      0xdac ./Core/Src/ili9341.o
 .debug_line    0x00000dac      0xe8a ./Core/Src/main.o
 .debug_line    0x00001c36      0x944 ./Core/Src/stm32f4xx_hal_msp.o
 .debug_line    0x0000257a      0x86b ./Core/Src/stm32f4xx_it.o
 .debug_line    0x00002de5      0x7b1 ./Core/Src/system_stm32f4xx.o
 .debug_line    0x00003596       0x7a ./Core/Startup/startup_stm32f446retx.o
 .debug_line    0x00003610      0xa1e ./Drivers/STM32F4xx_HAL_Driver/Src/stm32f4xx_hal.o
 .debug_line    0x0000402e      0xcee ./Drivers/STM32F4xx_HAL_Driver/Src/stm32f4xx_hal_cortex.o
 .debug_line    0x00004d1c      0xf8a ./Drivers/STM32F4xx_HAL_Driver/Src/stm32f4xx_hal_dma.o
 .debug_line    0x00005ca6      0xb62 ./Drivers/STM32F4xx_HAL_Driver/Src/stm32f4xx_hal_gpio.o
 .debug_line    0x00006808      0xe39 ./Drivers/STM32F4xx_HAL_Driver/Src/stm32f4xx_hal_rcc.o
 .debug_line    0x00007641     0x14ea ./Drivers/STM32F4xx_HAL_Driver/Src/stm32f4xx_hal_rcc_ex.o
 .debug_line    0x00008b2b     0x1cb3 ./Drivers/STM32F4xx_HAL_Driver/Src/stm32f4xx_hal_spi.o
 .debug_line    0x0000a7de     0x252d ./Drivers/STM32F4xx_HAL_Driver/Src/stm32f4xx_hal_uart.o
 .debug_line    0x0000cd0b      0x91f ./FATFS/App/fatfs.o
 .debug_line    0x0000d62a      0x97a ./FATFS/Target/user_diskio.o
 .debug_line    0x0000dfa4      0x9a8 ./Middlewares/Third_Party/FatFs/src/ff_gen_drv.o

.debug_str      0x00000000    0xcd31b
 .debug_str     0x00000000    0xcd31b ./Core/Src/ili9341.o
                              0xc9200 (size before relaxing)
 .debug_str     0x000cd31b    0xcb26f ./Core/Src/main.o
 .debug_str     0x000cd31b    0xc468a ./Core/Src/stm32f4xx_hal_msp.o
 .debug_str     0x000cd31b    0xc419f ./Core/Src/stm32f4xx_it.o
 .debug_str     0x000cd31b    0xc3c17 ./Core/Src/system_stm32f4xx.o
 .debug_str     0x000cd31b       0x93 ./Core/Startup/startup_stm32f446retx.o
 .debug_str     0x000cd31b    0xc47dc ./Drivers/STM32F4xx_HAL_Driver/Src/stm32f4xx_hal.o
 .debug_str     0x000cd31b    0xc4533 ./Drivers/STM32F4xx_HAL_Driver/Src/stm32f4xx_hal_cortex.o
 .debug_str     0x000cd31b    0xc400c ./Drivers/STM32F4xx_HAL_Driver/Src/stm32f4xx_hal_dma.o
 .debug_str     0x000cd31b    0xc3d92 ./Drivers/STM32F4xx_HAL_Driver/Src/stm32f4xx_hal_gpio.o
 .debug_str     0x000cd31b    0xc4050 ./Drivers/STM32F4xx_HAL_Driver/Src/stm32f4xx_hal_rcc.o
 .debug_str     0x000cd31b    0xc4083 ./Drivers/STM32F4xx_HAL_Driver/Src/stm32f4xx_hal_rcc_ex.o
 .debug_str     0x000cd31b    0xc44b0 ./Drivers/STM32F4xx_HAL_Driver/Src/stm32f4xx_hal_spi.o
 .debug_str     0x000cd31b    0xc4607 ./Drivers/STM32F4xx_HAL_Driver/Src/stm32f4xx_hal_uart.o
 .debug_str     0x000cd31b    0xc780b ./FATFS/App/fatfs.o
 .debug_str     0x000cd31b    0xc7776 ./FATFS/Target/user_diskio.o
 .debug_str     0x000cd31b    0xc7758 ./Middlewares/Third_Party/FatFs/src/ff_gen_drv.o

.comment        0x00000000       0x43
 .comment       0x00000000       0x43 ./Core/Src/ili9341.o
                                 0x44 (size before relaxing)
 .comment       0x00000043       0x44 ./Core/Src/main.o
 .comment       0x00000043       0x44 ./Core/Src/stm32f4xx_hal_msp.o
 .comment       0x00000043       0x44 ./Core/Src/stm32f4xx_it.o
 .comment       0x00000043       0x44 ./Core/Src/system_stm32f4xx.o
 .comment       0x00000043       0x44 ./Drivers/STM32F4xx_HAL_Driver/Src/stm32f4xx_hal.o
 .comment       0x00000043       0x44 ./Drivers/STM32F4xx_HAL_Driver/Src/stm32f4xx_hal_cortex.o
 .comment       0x00000043       0x44 ./Drivers/STM32F4xx_HAL_Driver/Src/stm32f4xx_hal_dma.o
 .comment       0x00000043       0x44 ./Drivers/STM32F4xx_HAL_Driver/Src/stm32f4xx_hal_gpio.o
 .comment       0x00000043       0x44 ./Drivers/STM32F4xx_HAL_Driver/Src/stm32f4xx_hal_rcc.o
 .comment       0x00000043       0x44 ./Drivers/STM32F4xx_HAL_Driver/Src/stm32f4xx_hal_rcc_ex.o
 .comment       0x00000043       0x44 ./Drivers/STM32F4xx_HAL_Driver/Src/stm32f4xx_hal_spi.o
 .comment       0x00000043       0x44 ./Drivers/STM32F4xx_HAL_Driver/Src/stm32f4xx_hal_uart.o
 .comment       0x00000043       0x44 ./FATFS/App/fatfs.o
 .comment       0x00000043       0x44 ./FATFS/Target/user_diskio.o
 .comment       0x00000043       0x44 ./Middlewares/Third_Party/FatFs/src/ff_gen_drv.o

.debug_frame    0x00000000     0x2a50
 .debug_frame   0x00000000      0x1c4 ./Core/Src/ili9341.o
 .debug_frame   0x000001c4      0x1b8 ./Core/Src/main.o
 .debug_frame   0x0000037c       0xc8 ./Core/Src/stm32f4xx_hal_msp.o
 .debug_frame   0x00000444      0x1ac ./Core/Src/stm32f4xx_it.o
 .debug_frame   0x000005f0       0x58 ./Core/Src/system_stm32f4xx.o
 .debug_frame   0x00000648      0x374 ./Drivers/STM32F4xx_HAL_Driver/Src/stm32f4xx_hal.o
 .debug_frame   0x000009bc      0x508 ./Drivers/STM32F4xx_HAL_Driver/Src/stm32f4xx_hal_cortex.o
 .debug_frame   0x00000ec4      0x250 ./Drivers/STM32F4xx_HAL_Driver/Src/stm32f4xx_hal_dma.o
 .debug_frame   0x00001114      0x14c ./Drivers/STM32F4xx_HAL_Driver/Src/stm32f4xx_hal_gpio.o
 .debug_frame   0x00001260      0x1f4 ./Drivers/STM32F4xx_HAL_Driver/Src/stm32f4xx_hal_rcc.o
 .debug_frame   0x00001454      0x1e8 ./Drivers/STM32F4xx_HAL_Driver/Src/stm32f4xx_hal_rcc_ex.o
 .debug_frame   0x0000163c      0x828 ./Drivers/STM32F4xx_HAL_Driver/Src/stm32f4xx_hal_spi.o
 .debug_frame   0x00001e64      0x954 ./Drivers/STM32F4xx_HAL_Driver/Src/stm32f4xx_hal_uart.o
 .debug_frame   0x000027b8       0x4c ./FATFS/App/fatfs.o
 .debug_frame   0x00002804       0xd8 ./FATFS/Target/user_diskio.o
 .debug_frame   0x000028dc       0xc8 ./Middlewares/Third_Party/FatFs/src/ff_gen_drv.o
 .debug_frame   0x000029a4       0x20 C:/ST/STM32CubeIDE_1.18.0/STM32CubeIDE/plugins/com.st.stm32cube.ide.mcu.externaltools.gnu-tools-for-stm32.13.3.rel1.win32_1.0.0.202411081344/tools/bin/../lib/gcc/arm-none-eabi/13.3.1/../../../../arm-none-eabi/lib/thumb/v7e-m+fp/hard\libc_nano.a(libc_a-memset.o)
 .debug_frame   0x000029c4       0x2c C:/ST/STM32CubeIDE_1.18.0/STM32CubeIDE/plugins/com.st.stm32cube.ide.mcu.externaltools.gnu-tools-for-stm32.13.3.rel1.win32_1.0.0.202411081344/tools/bin/../lib/gcc/arm-none-eabi/13.3.1/../../../../arm-none-eabi/lib/thumb/v7e-m+fp/hard\libc_nano.a(libc_a-init.o)
 .debug_frame   0x000029f0       0x2c C:/ST/STM32CubeIDE_1.18.0/STM32CubeIDE/plugins/com.st.stm32cube.ide.mcu.externaltools.gnu-tools-for-stm32.13.3.rel1.win32_1.0.0.202411081344/tools/bin/../lib/gcc/arm-none-eabi/13.3.1/thumb/v7e-m+fp/hard\libgcc.a(_aeabi_uldivmod.o)
 .debug_frame   0x00002a1c       0x34 C:/ST/STM32CubeIDE_1.18.0/STM32CubeIDE/plugins/com.st.stm32cube.ide.mcu.externaltools.gnu-tools-for-stm32.13.3.rel1.win32_1.0.0.202411081344/tools/bin/../lib/gcc/arm-none-eabi/13.3.1/thumb/v7e-m+fp/hard\libgcc.a(_udivmoddi4.o)

.debug_line_str
                0x00000000       0x77
 .debug_line_str
                0x00000000       0x77 ./Core/Startup/startup_stm32f446retx.o
