../Core/Src/main.c:176:6:transmit_uart	24	static
../Core/Src/main.c:185:6:generarSin	16	static
../Core/Src/main.c:191:5:calcularARR	24	static
../Core/Src/main.c:200:6:playTone	40	static
../Core/Src/main.c:215:6:noTone	4	static
../Core/Src/main.c:226:5:main	16	static
../Core/Src/main.c:306:6:SystemClock_Config	88	static
../Core/Src/main.c:354:13:MX_DAC_Init	16	static
../Core/Src/main.c:394:13:MX_TIM1_Init	32	static
../Core/Src/main.c:440:13:MX_TIM6_Init	16	static
../Core/Src/main.c:478:13:MX_UART5_Init	8	static
../Core/Src/main.c:511:13:MX_USART2_UART_Init	8	static
../Core/Src/main.c:542:13:MX_DMA_Init	16	static
../Core/Src/main.c:566:13:MX_GPIO_Init	48	static
../Core/Src/main.c:603:6:HAL_UART_RxCpltCallback	24	static
../Core/Src/main.c:645:6:Error_Handler	4	static,ignoring_inline_asm
