../Core/Src/main.c:73:6:DisplayNumber	24	static
../Core/Src/main.c:150:6:CheckLDRs	16	static
../Core/Src/main.c:225:5:main	8	static
../Core/Src/main.c:277:6:SystemClock_Config	88	static
../Core/Src/main.c:325:13:MX_I2C1_Init	8	static
../Core/Src/main.c:359:13:MX_USART2_UART_Init	8	static
../Core/Src/main.c:392:13:MX_GPIO_Init	48	static
../Core/Src/main.c:462:6:HAL_I2C_ListenCpltCallback	16	static
../Core/Src/main.c:467:6:HAL_I2C_SlaveTxCpltCallback	24	static
../Core/Src/main.c:474:6:HAL_I2C_SlaveRxCpltCallback	16	static
../Core/Src/main.c:482:6:HAL_I2C_AddrCallback	16	static
../Core/Src/main.c:501:6:Error_Handler	4	static,ignoring_inline_asm
