../Core/Src/main.c:131:6:transmit_uart	24	static
../Core/Src/main.c:147:5:main	136	static
../Core/Src/main.c:337:6:SystemClock_Config	88	static
../Core/Src/main.c:385:13:MX_SPI1_Init	8	static
../Core/Src/main.c:423:13:MX_USART2_UART_Init	8	static
../Core/Src/main.c:456:13:MX_USART3_UART_Init	8	static
../Core/Src/main.c:487:13:MX_DMA_Init	16	static
../Core/Src/main.c:508:13:MX_GPIO_Init	48	static
../Core/Src/main.c:569:6:MECHANICS	48	static
../Core/Src/main.c:695:6:HAL_UART_RxCpltCallback	24	static
../Core/Src/main.c:809:6:Error_Handler	4	static,ignoring_inline_asm
