Archive member included to satisfy reference by file (symbol)

C:/ST/STM32CubeIDE_1.18.0/STM32CubeIDE/plugins/com.st.stm32cube.ide.mcu.externaltools.gnu-tools-for-stm32.13.3.rel1.win32_1.0.0.202411081344/tools/bin/../lib/gcc/arm-none-eabi/13.3.1/../../../../arm-none-eabi/lib/thumb/v7e-m+fp/hard\libc_nano.a(libc_a-exit.o)
                              C:/ST/STM32CubeIDE_1.18.0/STM32CubeIDE/plugins/com.st.stm32cube.ide.mcu.externaltools.gnu-tools-for-stm32.13.3.rel1.win32_1.0.0.202411081344/tools/bin/../lib/gcc/arm-none-eabi/13.3.1/../../../../arm-none-eabi/lib/thumb/v7e-m+fp/hard/crt0.o (exit)
C:/ST/STM32CubeIDE_1.18.0/STM32CubeIDE/plugins/com.st.stm32cube.ide.mcu.externaltools.gnu-tools-for-stm32.13.3.rel1.win32_1.0.0.202411081344/tools/bin/../lib/gcc/arm-none-eabi/13.3.1/../../../../arm-none-eabi/lib/thumb/v7e-m+fp/hard\libc_nano.a(libc_a-findfp.o)
                              C:/ST/STM32CubeIDE_1.18.0/STM32CubeIDE/plugins/com.st.stm32cube.ide.mcu.externaltools.gnu-tools-for-stm32.13.3.rel1.win32_1.0.0.202411081344/tools/bin/../lib/gcc/arm-none-eabi/13.3.1/../../../../arm-none-eabi/lib/thumb/v7e-m+fp/hard\libc_nano.a(libc_a-exit.o) (__stdio_exit_handler)
C:/ST/STM32CubeIDE_1.18.0/STM32CubeIDE/plugins/com.st.stm32cube.ide.mcu.externaltools.gnu-tools-for-stm32.13.3.rel1.win32_1.0.0.202411081344/tools/bin/../lib/gcc/arm-none-eabi/13.3.1/../../../../arm-none-eabi/lib/thumb/v7e-m+fp/hard\libc_nano.a(libc_a-fwalk.o)
                              C:/ST/STM32CubeIDE_1.18.0/STM32CubeIDE/plugins/com.st.stm32cube.ide.mcu.externaltools.gnu-tools-for-stm32.13.3.rel1.win32_1.0.0.202411081344/tools/bin/../lib/gcc/arm-none-eabi/13.3.1/../../../../arm-none-eabi/lib/thumb/v7e-m+fp/hard\libc_nano.a(libc_a-findfp.o) (_fwalk_sglue)
C:/ST/STM32CubeIDE_1.18.0/STM32CubeIDE/plugins/com.st.stm32cube.ide.mcu.externaltools.gnu-tools-for-stm32.13.3.rel1.win32_1.0.0.202411081344/tools/bin/../lib/gcc/arm-none-eabi/13.3.1/../../../../arm-none-eabi/lib/thumb/v7e-m+fp/hard\libc_nano.a(libc_a-snprintf.o)
                              ./Core/Src/main.o (snprintf)
C:/ST/STM32CubeIDE_1.18.0/STM32CubeIDE/plugins/com.st.stm32cube.ide.mcu.externaltools.gnu-tools-for-stm32.13.3.rel1.win32_1.0.0.202411081344/tools/bin/../lib/gcc/arm-none-eabi/13.3.1/../../../../arm-none-eabi/lib/thumb/v7e-m+fp/hard\libc_nano.a(libc_a-stdio.o)
                              C:/ST/STM32CubeIDE_1.18.0/STM32CubeIDE/plugins/com.st.stm32cube.ide.mcu.externaltools.gnu-tools-for-stm32.13.3.rel1.win32_1.0.0.202411081344/tools/bin/../lib/gcc/arm-none-eabi/13.3.1/../../../../arm-none-eabi/lib/thumb/v7e-m+fp/hard\libc_nano.a(libc_a-findfp.o) (__sread)
C:/ST/STM32CubeIDE_1.18.0/STM32CubeIDE/plugins/com.st.stm32cube.ide.mcu.externaltools.gnu-tools-for-stm32.13.3.rel1.win32_1.0.0.202411081344/tools/bin/../lib/gcc/arm-none-eabi/13.3.1/../../../../arm-none-eabi/lib/thumb/v7e-m+fp/hard\libc_nano.a(libc_a-memset.o)
                              C:/ST/STM32CubeIDE_1.18.0/STM32CubeIDE/plugins/com.st.stm32cube.ide.mcu.externaltools.gnu-tools-for-stm32.13.3.rel1.win32_1.0.0.202411081344/tools/bin/../lib/gcc/arm-none-eabi/13.3.1/../../../../arm-none-eabi/lib/thumb/v7e-m+fp/hard/crt0.o (memset)
C:/ST/STM32CubeIDE_1.18.0/STM32CubeIDE/plugins/com.st.stm32cube.ide.mcu.externaltools.gnu-tools-for-stm32.13.3.rel1.win32_1.0.0.202411081344/tools/bin/../lib/gcc/arm-none-eabi/13.3.1/../../../../arm-none-eabi/lib/thumb/v7e-m+fp/hard\libc_nano.a(libc_a-closer.o)
                              C:/ST/STM32CubeIDE_1.18.0/STM32CubeIDE/plugins/com.st.stm32cube.ide.mcu.externaltools.gnu-tools-for-stm32.13.3.rel1.win32_1.0.0.202411081344/tools/bin/../lib/gcc/arm-none-eabi/13.3.1/../../../../arm-none-eabi/lib/thumb/v7e-m+fp/hard\libc_nano.a(libc_a-stdio.o) (_close_r)
C:/ST/STM32CubeIDE_1.18.0/STM32CubeIDE/plugins/com.st.stm32cube.ide.mcu.externaltools.gnu-tools-for-stm32.13.3.rel1.win32_1.0.0.202411081344/tools/bin/../lib/gcc/arm-none-eabi/13.3.1/../../../../arm-none-eabi/lib/thumb/v7e-m+fp/hard\libc_nano.a(libc_a-reent.o)
                              C:/ST/STM32CubeIDE_1.18.0/STM32CubeIDE/plugins/com.st.stm32cube.ide.mcu.externaltools.gnu-tools-for-stm32.13.3.rel1.win32_1.0.0.202411081344/tools/bin/../lib/gcc/arm-none-eabi/13.3.1/../../../../arm-none-eabi/lib/thumb/v7e-m+fp/hard\libc_nano.a(libc_a-closer.o) (errno)
C:/ST/STM32CubeIDE_1.18.0/STM32CubeIDE/plugins/com.st.stm32cube.ide.mcu.externaltools.gnu-tools-for-stm32.13.3.rel1.win32_1.0.0.202411081344/tools/bin/../lib/gcc/arm-none-eabi/13.3.1/../../../../arm-none-eabi/lib/thumb/v7e-m+fp/hard\libc_nano.a(libc_a-impure.o)
                              C:/ST/STM32CubeIDE_1.18.0/STM32CubeIDE/plugins/com.st.stm32cube.ide.mcu.externaltools.gnu-tools-for-stm32.13.3.rel1.win32_1.0.0.202411081344/tools/bin/../lib/gcc/arm-none-eabi/13.3.1/../../../../arm-none-eabi/lib/thumb/v7e-m+fp/hard\libc_nano.a(libc_a-snprintf.o) (_impure_ptr)
[...]
Memory Configuration

Name             Origin             Length             Attributes
RAM              0x20000000         0x00020000         xrw
FLASH            0x08000000         0x00080000         xr
*default*        0x00000000         0xffffffff

Linker script and memory map

LOAD C:/ST/STM32CubeIDE_1.18.0/STM32CubeIDE/plugins/com.st.stm32cube.ide.mcu.externaltools.gnu-tools-for-stm32.13.3.rel1.win32_1.0.0.202411081344/tools/bin/../lib/gcc/arm-none-eabi/13.3.1/thumb/v7e-m+fp/hard/crti.o
LOAD C:/ST/STM32CubeIDE_1.18.0/STM32CubeIDE/plugins/com.st.stm32cube.ide.mcu.externaltools.gnu-tools-for-stm32.13.3.rel1.win32_1.0.0.202411081344/tools/bin/../lib/gcc/arm-none-eabi/13.3.1/thumb/v7e-m+fp/hard/crtbegin.o
LOAD C:/ST/STM32CubeIDE_1.18.0/STM32CubeIDE/plugins/com.st.stm32cube.ide.mcu.externaltools.gnu-tools-for-stm32.13.3.rel1.win32_1.0.0.202411081344/tools/bin/../lib/gcc/arm-none-eabi/13.3.1/../../../../arm-none-eabi/lib/thumb/v7e-m+fp/hard/crt0.o
LOAD ./Core/Src/font.o
LOAD ./Core/Src/graficos.o
LOAD ./Core/Src/ili9341.o
LOAD ./Core/Src/main.o
LOAD ./Core/Src/stm32f4xx_hal_msp.o
LOAD ./Core/Src/stm32f4xx_it.o
LOAD ./Core/Src/syscalls.o
LOAD ./Core/Src/sysmem.o
LOAD ./Core/Src/system_stm32f4xx.o
LOAD ./Core/Startup/startup_stm32f446retx.o
LOAD ./Drivers/STM32F4xx_HAL_Driver/Src/stm32f4xx_hal.o
LOAD ./Drivers/STM32F4xx_HAL_Driver/Src/stm32f4xx_hal_cortex.o
LOAD ./Drivers/STM32F4xx_HAL_Driver/Src/stm32f4xx_hal_dma.o
LOAD ./Drivers/STM32F4xx_HAL_Driver/Src/stm32f4xx_hal_dma_ex.o
LOAD ./Drivers/STM32F4xx_HAL_Driver/Src/stm32f4xx_hal_exti.o
LOAD ./Drivers/STM32F4xx_HAL_Driver/Src/stm32f4xx_hal_flash.o
LOAD ./Drivers/STM32F4xx_HAL_Driver/Src/stm32f4xx_hal_flash_ex.o
LOAD ./Drivers/STM32F4xx_HAL_Driver/Src/stm32f4xx_hal_flash_ramfunc.o
LOAD ./Drivers/STM32F4xx_HAL_Driver/Src/stm32f4xx_hal_gpio.o
LOAD ./Drivers/STM32F4xx_HAL_Driver/Src/stm32f4xx_hal_i2c.o
LOAD ./Drivers/STM32F4xx_HAL_Driver/Src/stm32f4xx_hal_i2c_ex.o
LOAD ./Drivers/STM32F4xx_HAL_Driver/Src/stm32f4xx_hal_pwr.o
LOAD ./Drivers/STM32F4xx_HAL_Driver/Src/stm32f4xx_hal_pwr_ex.o
LOAD ./Drivers/STM32F4xx_HAL_Driver/Src/stm32f4xx_hal_rcc.o
LOAD ./Drivers/STM32F4xx_HAL_Driver/Src/stm32f4xx_hal_rcc_ex.o
LOAD ./Drivers/STM32F4xx_HAL_Driver/Src/stm32f4xx_hal_spi.o
LOAD ./Drivers/STM32F4xx_HAL_Driver/Src/stm32f4xx_hal_uart.o
START GROUP
LOAD C:/ST/STM32CubeIDE_1.18.0/STM32CubeIDE/plugins/com.st.stm32cube.ide.mcu.externaltools.gnu-tools-for-stm32.13.3.rel1.win32_1.0.0.202411081344/tools/bin/../lib/gcc/arm-none-eabi/13.3.1/../../../../arm-none-eabi/lib/thumb/v7e-m+fp/hard\libc_nano.a
LOAD C:/ST/STM32CubeIDE_1.18.0/STM32CubeIDE/plugins/com.st.stm32cube.ide.mcu.externaltools.gnu-tools-for-stm32.13.3.rel1.win32_1.0.0.202411081344/tools/bin/../lib/gcc/arm-none-eabi/13.3.1/../../../../arm-none-eabi/lib/thumb/v7e-m+fp/hard\libm.a
END GROUP
START GROUP
LOAD C:/ST/STM32CubeIDE_1.18.0/STM32CubeIDE/plugins/com.st.stm32cube.ide.mcu.externaltools.gnu-tools-for-stm32.13.3.rel1.win32_1.0.0.202411081344/tools/bin/../lib/gcc/arm-none-eabi/13.3.1/thumb/v7e-m+fp/hard\libgcc.a
LOAD C:/ST/STM32CubeIDE_1.18.0/STM32CubeIDE/plugins/com.st.stm32cube.ide.mcu.externaltools.gnu-tools-for-stm32.13.3.rel1.win32_1.0.0.202411081344/tools/bin/../lib/gcc/arm-none-eabi/13.3.1/../../../../arm-none-eabi/lib/thumb/v7e-m+fp/hard\libc_nano.a
END GROUP
START GROUP
LOAD C:/ST/STM32CubeIDE_1.18.0/STM32CubeIDE/plugins/com.st.stm32cube.ide.mcu.externaltools.gnu-tools-for-stm32.13.3.rel1.win32_1.0.0.202411081344/tools/bin/../lib/gcc/arm-none-eabi/13.3.1/thumb/v7e-m+fp/hard\libgcc.a
LOAD C:/ST/STM32CubeIDE_1.18.0/STM32CubeIDE/plugins/com.st.stm32cube.ide.mcu.externaltools.gnu-tools-for-stm32.13.3.rel1.win32_1.0.0.202411081344/tools/bin/../lib/gcc/arm-none-eabi/13.3.1/../../../../arm-none-eabi/lib/thumb/v7e-m+fp/hard\libc_nano.a
LOAD C:/ST/STM32CubeIDE_1.18.0/STM32CubeIDE/plugins/com.st.stm32cube.ide.mcu.externaltools.gnu-tools-for-stm32.13.3.rel1.win32_1.0.0.202411081344/tools/bin/../lib/gcc/arm-none-eabi/13.3.1/../../../../arm-none-eabi/lib/thumb/v7e-m+fp/hard\libnosys.a
END GROUP
START GROUP
LOAD C:/ST/STM32CubeIDE_1.18.0/STM32CubeIDE/plugins/com.st.stm32cube.ide.mcu.externaltools.gnu-tools-for-stm32.13.3.rel1.win32_1.0.0.202411081344/tools/bin/../lib/gcc/arm-none-eabi/13.3.1/thumb/v7e-m+fp/hard\libgcc.a
LOAD C:/ST/STM32CubeIDE_1.18.0/STM32CubeIDE/plugins/com.st.stm32cube.ide.mcu.externaltools.gnu-tools-for-stm32.13.3.rel1.win32_1.0.0.202411081344/tools/bin/../lib/gcc/arm-none-eabi/13.3.1/../../../../arm-none-eabi/lib/thumb/v7e-m+fp/hard\libc_nano.a
LOAD C:/ST/STM32CubeIDE_1.18.0/STM32CubeIDE/plugins/com.st.stm32cube.ide.mcu.externaltools.gnu-tools-for-stm32.13.3.rel1.win32_1.0.0.202411081344/tools/bin/../lib/gcc/arm-none-eabi/13.3.1/../../../../arm-none-eabi/lib/thumb/v7e-m+fp/hard\libnosys.a
END GROUP
LOAD C:/ST/STM32CubeIDE_1.18.0/STM32CubeIDE/plugins/com.st.stm32cube.ide.mcu.externaltools.gnu-tools-for-stm32.13.3.rel1.win32_1.0.0.202411081344/tools/bin/../lib/gcc/arm-none-eabi/13.3.1/thumb/v7e-m+fp/hard/crtend.o
LOAD C:/ST/STM32CubeIDE_1.18.0/STM32CubeIDE/plugins/com.st.stm32cube.ide.mcu.externaltools.gnu-tools-for-stm32.13.3.rel1.win32_1.0.0.202411081344/tools/bin/../lib/gcc/arm-none-eabi/13.3.1/thumb/v7e-m+fp/hard/crtn.o
                0x20020000                        _estack = (ORIGIN (RAM) + LENGTH (RAM))
                0x00000200                        _Min_Heap_Size = 0x200
                0x00000400                        _Min_Stack_Size = 0x400

.isr_vector     0x08000000      0x1c4
                0x08000000                        . = ALIGN (0x4)
 *(.isr_vector)
 .isr_vector    0x08000000      0x1c4 ./Core/Startup/startup_stm32f446retx.o
                0x08000000                g_pfnVectors
                0x080001c4                        . = ALIGN (0x4)

.text           0x080001c4     0x30d4
                0x080001c4                        . = ALIGN (0x4)
 *(.text)
 .text          0x080001c4       0x40 C:/ST/STM32CubeIDE_1.18.0/STM32CubeIDE/plugins/com.st.stm32cube.ide.mcu.externaltools.gnu-tools-for-stm32.13.3.rel1.win32_1.0.0.202411081344/tools/bin/../lib/gcc/arm-none-eabi/13.3.1/thumb/v7e-m+fp/hard/crtbegin.o
 .text          0x08000204       0x30 C:/ST/STM32CubeIDE_1.18.0/STM32CubeIDE/plugins/com.st.stm32cube.ide.mcu.externaltools.gnu-tools-for-stm32.13.3.rel1.win32_1.0.0.202411081344/tools/bin/../lib/gcc/arm-none-eabi/13.3.1/thumb/v7e-m+fp/hard\libgcc.a(_aeabi_uldivmod.o)
                0x08000204                __aeabi_uldivmod
 .text          0x08000234      0x2f8 C:/ST/STM32CubeIDE_1.18.0/STM32CubeIDE/plugins/com.st.stm32cube.ide.mcu.externaltools.gnu-tools-for-stm32.13.3.rel1.win32_1.0.0.202411081344/tools/bin/../lib/gcc/arm-none-eabi/13.3.1/thumb/v7e-m+fp/hard\libgcc.a(_udivmoddi4.o)
                0x08000234                __udivmoddi4
 .text          0x0800052c        0x4 C:/ST/STM32CubeIDE_1.18.0/STM32CubeIDE/plugins/com.st.stm32cube.ide.mcu.externaltools.gnu-tools-for-stm32.13.3.rel1.win32_1.0.0.202411081344/tools/bin/../lib/gcc/arm-none-eabi/13.3.1/thumb/v7e-m+fp/hard\libgcc.a(_dvmd_tls.o)
                0x0800052c                __aeabi_idiv0
                0x0800052c                __aeabi_ldiv0
 *(.text*)
 .text.LCD_Init
                0x08000530      0x1f8 ./Core/Src/ili9341.o
                0x08000530                LCD_Init
 .text.LCD_CMD  0x08000728      0x14c ./Core/Src/ili9341.o
                0x08000728                LCD_CMD
 .text.LCD_DATA
                0x08000874      0x14c ./Core/Src/ili9341.o
                0x08000874                LCD_DATA
 .text.SetWindows
                0x080009c0       0x80 ./Core/Src/ili9341.o
                0x080009c0                SetWindows
 .text.LCD_Clear
                0x08000a40       0x88 ./Core/Src/ili9341.o
                0x08000a40                LCD_Clear
 .text.FillRect
                0x08000ac8       0xb4 ./Core/Src/ili9341.o
                0x08000ac8                FillRect
 .text.LCD_Sprite
                0x08000b7c      0x158 ./Core/Src/ili9341.o
                0x08000b7c                LCD_Sprite
 .text.main     0x08000cd4      0x328 ./Core/Src/main.o
                0x08000cd4                main
 .text.SystemClock_Config
                0x08000ffc       0xdc ./Core/Src/main.o
                0x08000ffc                SystemClock_Config
 .text.MX_I2C1_Init
                0x080010d8       0x5c ./Core/Src/main.o
 .text.MX_SPI1_Init
                0x08001134       0x6c ./Core/Src/main.o
 .text.MX_USART2_UART_Init
                0x080011a0       0x54 ./Core/Src/main.o
 .text.MX_GPIO_Init
                0x080011f4      0x16c ./Core/Src/main.o
 .text.Error_Handler
                0x08001360        0xc ./Core/Src/main.o
                0x08001360                Error_Handler
 .text.HAL_MspInit
                0x0800136c       0x50 ./Core/Src/stm32f4xx_hal_msp.o
                0x0800136c                HAL_MspInit
 .text.HAL_I2C_MspInit
                0x080013bc       0x90 ./Core/Src/stm32f4xx_hal_msp.o
                0x080013bc                HAL_I2C_MspInit
 .text.HAL_SPI_MspInit
                0x0800144c       0x90 ./Core/Src/stm32f4xx_hal_msp.o
                0x0800144c                HAL_SPI_MspInit
 .text.HAL_UART_MspInit
                0x080014dc       0x90 ./Core/Src/stm32f4xx_hal_msp.o
                0x080014dc                HAL_UART_MspInit
 .text.NMI_Handler
                0x0800156c        0x8 ./Core/Src/stm32f4xx_it.o
                0x0800156c                NMI_Handler
 .text.HardFault_Handler
                0x08001574        0x8 ./Core/Src/stm32f4xx_it.o
                0x08001574                HardFault_Handler
 .text.MemManage_Handler
                0x0800157c        0x8 ./Core/Src/stm32f4xx_it.o
                0x0800157c                MemManage_Handler
 .text.BusFault_Handler
                0x08001584        0x8 ./Core/Src/stm32f4xx_it.o
                0x08001584                BusFault_Handler
 .text.UsageFault_Handler
                0x0800158c        0x8 ./Core/Src/stm32f4xx_it.o
                0x0800158c                UsageFault_Handler
 .text.SVC_Handler
                0x08001594        0xe ./Core/Src/stm32f4xx_it.o
                0x08001594                SVC_Handler
 .text.DebugMon_Handler
                0x080015a2        0xe ./Core/Src/stm32f4xx_it.o
                0x080015a2                DebugMon_Handler
 .text.PendSV_Handler
                0x080015b0        0xe ./Core/Src/stm32f4xx_it.o
                0x080015b0                PendSV_Handler
 .text.SysTick_Handler
                0x080015be        0xc ./Core/Src/stm32f4xx_it.o
                0x080015be                SysTick_Handler
 *fill*         0x080015ca        0x2 
 .text.SystemInit
                0x080015cc       0x24 ./Core/Src/system_stm32f4xx.o
                0x080015cc                SystemInit
 .text.Reset_Handler
                0x080015f0       0x50 ./Core/Startup/startup_stm32f446retx.o
                0x080015f0                Reset_Handler
 .text.Default_Handler
                0x08001640        0x2 ./Core/Startup/startup_stm32f446retx.o
                0x08001640                RTC_Alarm_IRQHandler
                0x08001640                EXTI2_IRQHandler
                0x08001640                TIM8_CC_IRQHandler
                0x08001640                FMPI2C1_EV_IRQHandler
                0x08001640                SPI4_IRQHandler
                0x08001640                TIM1_CC_IRQHandler
                0x08001640                DMA2_Stream5_IRQHandler
                0x08001640                DMA1_Stream5_IRQHandler
                0x08001640                PVD_IRQHandler
                0x08001640                SDIO_IRQHandler
                0x08001640                TAMP_STAMP_IRQHandler
                0x08001640                CAN2_RX1_IRQHandler
                0x08001640                EXTI3_IRQHandler
                0x08001640                TIM8_TRG_COM_TIM14_IRQHandler
                0x08001640                TIM1_UP_TIM10_IRQHandler
                0x08001640                TIM8_UP_TIM13_IRQHandler
                0x08001640                I2C3_ER_IRQHandler
                0x08001640                EXTI0_IRQHandler
                0x08001640                I2C2_EV_IRQHandler
                0x08001640                DMA1_Stream2_IRQHandler
                0x08001640                CAN1_RX0_IRQHandler
                0x08001640                FPU_IRQHandler
                0x08001640                OTG_HS_WKUP_IRQHandler
                0x08001640                CAN2_SCE_IRQHandler
                0x08001640                DMA2_Stream2_IRQHandler
                0x08001640                SPI1_IRQHandler
                0x08001640                TIM6_DAC_IRQHandler
                0x08001640                TIM1_BRK_TIM9_IRQHandler
                0x08001640                DCMI_IRQHandler
                0x08001640                CAN2_RX0_IRQHandler
                0x08001640                DMA2_Stream3_IRQHandler
                0x08001640                SAI2_IRQHandler
                0x08001640                USART6_IRQHandler
                0x08001640                USART3_IRQHandler
                0x08001640                CAN1_RX1_IRQHandler
                0x08001640                UART5_IRQHandler
                0x08001640                DMA2_Stream0_IRQHandler
                0x08001640                TIM4_IRQHandler
                0x08001640                QUADSPI_IRQHandler
                0x08001640                I2C1_EV_IRQHandler
                0x08001640                DMA1_Stream6_IRQHandler
                0x08001640                DMA1_Stream1_IRQHandler
                0x08001640                UART4_IRQHandler
                0x08001640                TIM3_IRQHandler
                0x08001640                RCC_IRQHandler
                0x08001640                TIM8_BRK_TIM12_IRQHandler
                0x08001640                Default_Handler
                0x08001640                CEC_IRQHandler
                0x08001640                EXTI15_10_IRQHandler
                0x08001640                ADC_IRQHandler
                0x08001640                DMA1_Stream7_IRQHandler
                0x08001640                TIM7_IRQHandler
                0x08001640                CAN2_TX_IRQHandler
                0x08001640                TIM5_IRQHandler
                0x08001640                DMA2_Stream7_IRQHandler
                0x08001640                I2C3_EV_IRQHandler
                0x08001640                EXTI9_5_IRQHandler
                0x08001640                RTC_WKUP_IRQHandler
                0x08001640                SPDIF_RX_IRQHandler
                0x08001640                SPI2_IRQHandler
                0x08001640                OTG_HS_EP1_IN_IRQHandler
                0x08001640                DMA1_Stream0_IRQHandler
                0x08001640                CAN1_TX_IRQHandler
                0x08001640                FMPI2C1_ER_IRQHandler
                0x08001640                EXTI4_IRQHandler
                0x08001640                OTG_HS_EP1_OUT_IRQHandler
                0x08001640                WWDG_IRQHandler
                0x08001640                TIM2_IRQHandler
                0x08001640                OTG_FS_WKUP_IRQHandler
                0x08001640                TIM1_TRG_COM_TIM11_IRQHandler
                0x08001640                OTG_HS_IRQHandler
                0x08001640                EXTI1_IRQHandler
                0x08001640                USART2_IRQHandler
                0x08001640                I2C2_ER_IRQHandler
                0x08001640                DMA2_Stream1_IRQHandler
                0x08001640                CAN1_SCE_IRQHandler
                0x08001640                FLASH_IRQHandler
                0x08001640                DMA2_Stream4_IRQHandler
                0x08001640                USART1_IRQHandler
                0x08001640                OTG_FS_IRQHandler
                0x08001640                SPI3_IRQHandler
                0x08001640                DMA1_Stream4_IRQHandler
                0x08001640                I2C1_ER_IRQHandler
                0x08001640                FMC_IRQHandler
                0x08001640                DMA2_Stream6_IRQHandler
                0x08001640                SAI1_IRQHandler
                0x08001640                DMA1_Stream3_IRQHandler
 *fill*         0x08001642        0x2 
 .text.HAL_Init
                0x08001644       0x44 ./Drivers/STM32F4xx_HAL_Driver/Src/stm32f4xx_hal.o
                0x08001644                HAL_Init
 .text.HAL_InitTick
                0x08001688       0x60 ./Drivers/STM32F4xx_HAL_Driver/Src/stm32f4xx_hal.o
                0x08001688                HAL_InitTick
 .text.HAL_IncTick
                0x080016e8       0x28 ./Drivers/STM32F4xx_HAL_Driver/Src/stm32f4xx_hal.o
                0x080016e8                HAL_IncTick
 .text.HAL_GetTick
                0x08001710       0x18 ./Drivers/STM32F4xx_HAL_Driver/Src/stm32f4xx_hal.o
                0x08001710                HAL_GetTick
 .text.HAL_Delay
                0x08001728       0x48 ./Drivers/STM32F4xx_HAL_Driver/Src/stm32f4xx_hal.o
                0x08001728                HAL_Delay
 .text.__NVIC_SetPriorityGrouping
                0x08001770       0x48 ./Drivers/STM32F4xx_HAL_Driver/Src/stm32f4xx_hal_cortex.o
 .text.__NVIC_GetPriorityGrouping
                0x080017b8       0x1c ./Drivers/STM32F4xx_HAL_Driver/Src/stm32f4xx_hal_cortex.o
 .text.__NVIC_SetPriority
                0x080017d4       0x54 ./Drivers/STM32F4xx_HAL_Driver/Src/stm32f4xx_hal_cortex.o
 .text.NVIC_EncodePriority
                0x08001828       0x66 ./Drivers/STM32F4xx_HAL_Driver/Src/stm32f4xx_hal_cortex.o
 *fill*         0x0800188e        0x2 
 .text.SysTick_Config
                0x08001890       0x44 ./Drivers/STM32F4xx_HAL_Driver/Src/stm32f4xx_hal_cortex.o
 .text.HAL_NVIC_SetPriorityGrouping
                0x080018d4       0x16 ./Drivers/STM32F4xx_HAL_Driver/Src/stm32f4xx_hal_cortex.o
                0x080018d4                HAL_NVIC_SetPriorityGrouping
 .text.HAL_NVIC_SetPriority
                0x080018ea       0x38 ./Drivers/STM32F4xx_HAL_Driver/Src/stm32f4xx_hal_cortex.o
                0x080018ea                HAL_NVIC_SetPriority
 .text.HAL_SYSTICK_Config
                0x08001922       0x18 ./Drivers/STM32F4xx_HAL_Driver/Src/stm32f4xx_hal_cortex.o
                0x08001922                HAL_SYSTICK_Config
 *fill*         0x0800193a        0x2 
 .text.HAL_GPIO_Init
                0x0800193c      0x328 ./Drivers/STM32F4xx_HAL_Driver/Src/stm32f4xx_hal_gpio.o
                0x0800193c                HAL_GPIO_Init
 .text.HAL_GPIO_ReadPin
                0x08001c64       0x30 ./Drivers/STM32F4xx_HAL_Driver/Src/stm32f4xx_hal_gpio.o
                0x08001c64                HAL_GPIO_ReadPin
 .text.HAL_GPIO_WritePin
                0x08001c94       0x32 ./Drivers/STM32F4xx_HAL_Driver/Src/stm32f4xx_hal_gpio.o
                0x08001c94                HAL_GPIO_WritePin
 *fill*         0x08001cc6        0x2 
 .text.HAL_I2C_Init
                0x08001cc8      0x288 ./Drivers/STM32F4xx_HAL_Driver/Src/stm32f4xx_hal_i2c.o
                0x08001cc8                HAL_I2C_Init
 .text.HAL_I2C_EnableListen_IT
                0x08001f50       0x6c ./Drivers/STM32F4xx_HAL_Driver/Src/stm32f4xx_hal_i2c.o
                0x08001f50                HAL_I2C_EnableListen_IT
 .text.HAL_RCC_ClockConfig
                0x08001fbc      0x1cc ./Drivers/STM32F4xx_HAL_Driver/Src/stm32f4xx_hal_rcc.o
                0x08001fbc                HAL_RCC_ClockConfig
 .text.HAL_RCC_GetHCLKFreq
                0x08002188       0x18 ./Drivers/STM32F4xx_HAL_Driver/Src/stm32f4xx_hal_rcc.o
                0x08002188                HAL_RCC_GetHCLKFreq
 .text.HAL_RCC_GetPCLK1Freq
                0x080021a0       0x28 ./Drivers/STM32F4xx_HAL_Driver/Src/stm32f4xx_hal_rcc.o
                0x080021a0                HAL_RCC_GetPCLK1Freq
 .text.HAL_RCC_GetPCLK2Freq
                0x080021c8       0x28 ./Drivers/STM32F4xx_HAL_Driver/Src/stm32f4xx_hal_rcc.o
                0x080021c8                HAL_RCC_GetPCLK2Freq
 .text.HAL_RCC_GetSysClockFreq
                0x080021f0      0x460 ./Drivers/STM32F4xx_HAL_Driver/Src/stm32f4xx_hal_rcc_ex.o
                0x080021f0                HAL_RCC_GetSysClockFreq
 .text.HAL_RCC_OscConfig
                0x08002650      0x53c ./Drivers/STM32F4xx_HAL_Driver/Src/stm32f4xx_hal_rcc_ex.o
                0x08002650                HAL_RCC_OscConfig
 .text.HAL_SPI_Init
                0x08002b8c      0x112 ./Drivers/STM32F4xx_HAL_Driver/Src/stm32f4xx_hal_spi.o
                0x08002b8c                HAL_SPI_Init
 .text.HAL_UART_Init
                0x08002c9e       0xa0 ./Drivers/STM32F4xx_HAL_Driver/Src/stm32f4xx_hal_uart.o
                0x08002c9e                HAL_UART_Init
 *fill*         0x08002d3e        0x2 
 .text.UART_SetConfig
                0x08002d40      0x4e8 ./Drivers/STM32F4xx_HAL_Driver/Src/stm32f4xx_hal_uart.o
 .text.memset   0x08003228       0x10 C:/ST/STM32CubeIDE_1.18.0/STM32CubeIDE/plugins/com.st.stm32cube.ide.mcu.externaltools.gnu-tools-for-stm32.13.3.rel1.win32_1.0.0.202411081344/tools/bin/../lib/gcc/arm-none-eabi/13.3.1/../../../../arm-none-eabi/lib/thumb/v7e-m+fp/hard\libc_nano.a(libc_a-memset.o)
                0x08003228                memset
 .text.__libc_init_array
                0x08003238       0x48 C:/ST/STM32CubeIDE_1.18.0/STM32CubeIDE/plugins/com.st.stm32cube.ide.mcu.externaltools.gnu-tools-for-stm32.13.3.rel1.win32_1.0.0.202411081344/tools/bin/../lib/gcc/arm-none-eabi/13.3.1/../../../../arm-none-eabi/lib/thumb/v7e-m+fp/hard\libc_nano.a(libc_a-init.o)
                0x08003238                __libc_init_array
 *(.glue_7)
 .glue_7        0x08003280        0x0 linker stubs
 *(.glue_7t)
 .glue_7t       0x08003280        0x0 linker stubs
 *(.eh_frame)
 .eh_frame      0x08003280        0x0 C:/ST/STM32CubeIDE_1.18.0/STM32CubeIDE/plugins/com.st.stm32cube.ide.mcu.externaltools.gnu-tools-for-stm32.13.3.rel1.win32_1.0.0.202411081344/tools/bin/../lib/gcc/arm-none-eabi/13.3.1/thumb/v7e-m+fp/hard/crtbegin.o
 *(.init)
 .init          0x08003280        0x4 C:/ST/STM32CubeIDE_1.18.0/STM32CubeIDE/plugins/com.st.stm32cube.ide.mcu.externaltools.gnu-tools-for-stm32.13.3.rel1.win32_1.0.0.202411081344/tools/bin/../lib/gcc/arm-none-eabi/13.3.1/thumb/v7e-m+fp/hard/crti.o
                0x08003280                _init
 .init          0x08003284        0x8 C:/ST/STM32CubeIDE_1.18.0/STM32CubeIDE/plugins/com.st.stm32cube.ide.mcu.externaltools.gnu-tools-for-stm32.13.3.rel1.win32_1.0.0.202411081344/tools/bin/../lib/gcc/arm-none-eabi/13.3.1/thumb/v7e-m+fp/hard/crtn.o
 *(.fini)
 .fini          0x0800328c        0x4 C:/ST/STM32CubeIDE_1.18.0/STM32CubeIDE/plugins/com.st.stm32cube.ide.mcu.externaltools.gnu-tools-for-stm32.13.3.rel1.win32_1.0.0.202411081344/tools/bin/../lib/gcc/arm-none-eabi/13.3.1/thumb/v7e-m+fp/hard/crti.o
                0x0800328c                _fini
 .fini          0x08003290        0x8 C:/ST/STM32CubeIDE_1.18.0/STM32CubeIDE/plugins/com.st.stm32cube.ide.mcu.externaltools.gnu-tools-for-stm32.13.3.rel1.win32_1.0.0.202411081344/tools/bin/../lib/gcc/arm-none-eabi/13.3.1/thumb/v7e-m+fp/hard/crtn.o
                0x08003298                        . = ALIGN (0x4)
                0x08003298                        _etext = .

.vfp11_veneer   0x08003298        0x0
 .vfp11_veneer  0x08003298        0x0 linker stubs

.v4_bx          0x08003298        0x0
 .v4_bx         0x08003298        0x0 linker stubs

.iplt           0x08003298        0x0
 .iplt          0x08003298        0x0 C:/ST/STM32CubeIDE_1.18.0/STM32CubeIDE/plugins/com.st.stm32cube.ide.mcu.externaltools.gnu-tools-for-stm32.13.3.rel1.win32_1.0.0.202411081344/tools/bin/../lib/gcc/arm-none-eabi/13.3.1/thumb/v7e-m+fp/hard/crtbegin.o

.rodata         0x08003298       0x18
                0x08003298                        . = ALIGN (0x4)
 *(.rodata)
 *(.rodata*)
 .rodata.AHBPrescTable
                0x08003298       0x10 ./Core/Src/system_stm32f4xx.o
                0x08003298                AHBPrescTable
 .rodata.APBPrescTable
                0x080032a8        0x8 ./Core/Src/system_stm32f4xx.o
                0x080032a8                APBPrescTable
                0x080032b0                        . = ALIGN (0x4)

.ARM.extab      0x080032b0        0x0
                0x080032b0                        . = ALIGN (0x4)
 *(.ARM.extab* .gnu.linkonce.armextab.*)
                0x080032b0                        . = ALIGN (0x4)

.ARM            0x080032b0        0x8
                0x080032b0                        . = ALIGN (0x4)
                0x080032b0                        __exidx_start = .
 *(.ARM.exidx*)
 .ARM.exidx     0x080032b0        0x8 C:/ST/STM32CubeIDE_1.18.0/STM32CubeIDE/plugins/com.st.stm32cube.ide.mcu.externaltools.gnu-tools-for-stm32.13.3.rel1.win32_1.0.0.202411081344/tools/bin/../lib/gcc/arm-none-eabi/13.3.1/thumb/v7e-m+fp/hard\libgcc.a(_udivmoddi4.o)
                0x080032b8                        __exidx_end = .
                0x080032b8                        . = ALIGN (0x4)

.preinit_array  0x080032b8        0x0
                0x080032b8                        . = ALIGN (0x4)
                0x080032b8                        PROVIDE (__preinit_array_start = .)
 *(.preinit_array*)
                0x080032b8                        PROVIDE (__preinit_array_end = .)
                0x080032b8                        . = ALIGN (0x4)

.init_array     0x080032b8        0x4
                0x080032b8                        . = ALIGN (0x4)
                0x080032b8                        PROVIDE (__init_array_start = .)
 *(SORT_BY_NAME(.init_array.*))
 *(.init_array*)
 .init_array    0x080032b8        0x4 C:/ST/STM32CubeIDE_1.18.0/STM32CubeIDE/plugins/com.st.stm32cube.ide.mcu.externaltools.gnu-tools-for-stm32.13.3.rel1.win32_1.0.0.202411081344/tools/bin/../lib/gcc/arm-none-eabi/13.3.1/thumb/v7e-m+fp/hard/crtbegin.o
                0x080032bc                        PROVIDE (__init_array_end = .)
                0x080032bc                        . = ALIGN (0x4)

.fini_array     0x080032bc        0x4
                0x080032bc                        . = ALIGN (0x4)
                [!provide]                        PROVIDE (__fini_array_start = .)
 *(SORT_BY_NAME(.fini_array.*))
 *(.fini_array*)
 .fini_array    0x080032bc        0x4 C:/ST/STM32CubeIDE_1.18.0/STM32CubeIDE/plugins/com.st.stm32cube.ide.mcu.externaltools.gnu-tools-for-stm32.13.3.rel1.win32_1.0.0.202411081344/tools/bin/../lib/gcc/arm-none-eabi/13.3.1/thumb/v7e-m+fp/hard/crtbegin.o
                [!provide]                        PROVIDE (__fini_array_end = .)
                0x080032c0                        . = ALIGN (0x4)
                0x080032c0                        _sidata = LOADADDR (.data)

.rel.dyn        0x080032c0        0x0
 .rel.iplt      0x080032c0        0x0 C:/ST/STM32CubeIDE_1.18.0/STM32CubeIDE/plugins/com.st.stm32cube.ide.mcu.externaltools.gnu-tools-for-stm32.13.3.rel1.win32_1.0.0.202411081344/tools/bin/../lib/gcc/arm-none-eabi/13.3.1/thumb/v7e-m+fp/hard/crtbegin.o

.data           0x20000000     0x30b8 load address 0x080032c0
                0x20000000                        . = ALIGN (0x4)
                0x20000000                        _sdata = .
 *(.data)
 *(.data*)
 .data.Car_red_prueba
                0x20000000     0x30ac ./Core/Src/main.o
                0x20000000                Car_red_prueba
 .data.SystemCoreClock
                0x200030ac        0x4 ./Core/Src/system_stm32f4xx.o
                0x200030ac                SystemCoreClock
 .data.uwTickPrio
                0x200030b0        0x4 ./Drivers/STM32F4xx_HAL_Driver/Src/stm32f4xx_hal.o
                0x200030b0                uwTickPrio
 .data.uwTickFreq
                0x200030b4        0x1 ./Drivers/STM32F4xx_HAL_Driver/Src/stm32f4xx_hal.o
                0x200030b4                uwTickFreq
 *(.RamFunc)
 *(.RamFunc*)
                0x200030b8                        . = ALIGN (0x4)
 *fill*         0x200030b5        0x3 
                0x200030b8                        _edata = .

.igot.plt       0x200030b8        0x0 load address 0x08006378
 .igot.plt      0x200030b8        0x0 C:/ST/STM32CubeIDE_1.18.0/STM32CubeIDE/plugins/com.st.stm32cube.ide.mcu.externaltools.gnu-tools-for-stm32.13.3.rel1.win32_1.0.0.202411081344/tools/bin/../lib/gcc/arm-none-eabi/13.3.1/thumb/v7e-m+fp/hard/crtbegin.o
                0x200030b8                        . = ALIGN (0x4)

.bss            0x200030b8      0x124 load address 0x08006378
                0x200030b8                        _sbss = .
                0x200030b8                        __bss_start__ = _sbss
 *(.bss)
 .bss           0x200030b8       0x1c C:/ST/STM32CubeIDE_1.18.0/STM32CubeIDE/plugins/com.st.stm32cube.ide.mcu.externaltools.gnu-tools-for-stm32.13.3.rel1.win32_1.0.0.202411081344/tools/bin/../lib/gcc/arm-none-eabi/13.3.1/thumb/v7e-m+fp/hard/crtbegin.o
 *(.bss*)
 .bss.hi2c1     0x200030d4       0x54 ./Core/Src/main.o
                0x200030d4                hi2c1
 .bss.hspi1     0x20003128       0x58 ./Core/Src/main.o
                0x20003128                hspi1
 .bss.huart2    0x20003180       0x48 ./Core/Src/main.o
                0x20003180                huart2
 .bss.valorLDR5
                0x200031c8        0x1 ./Core/Src/main.o
                0x200031c8                valorLDR5
 .bss.valorLDR6
                0x200031c9        0x1 ./Core/Src/main.o
                0x200031c9                valorLDR6
 .bss.valorLDR7
                0x200031ca        0x1 ./Core/Src/main.o
                0x200031ca                valorLDR7
 .bss.valorLDR8
                0x200031cb        0x1 ./Core/Src/main.o
                0x200031cb                valorLDR8
 .bss.green_count_local
                0x200031cc        0x1 ./Core/Src/main.o
                0x200031cc                green_count_local
 *fill*         0x200031cd        0x3 
 .bss.aRxBuffer
                0x200031d0        0x4 ./Core/Src/main.o
                0x200031d0                aRxBuffer
 .bss.aTxBuffer
                0x200031d4        0x4 ./Core/Src/main.o
                0x200031d4                aTxBuffer
 .bss.uwTick    0x200031d8        0x4 ./Drivers/STM32F4xx_HAL_Driver/Src/stm32f4xx_hal.o
                0x200031d8                uwTick
 *(COMMON)
                0x200031dc                        . = ALIGN (0x4)
                0x200031dc                        _ebss = .
                0x200031dc                        __bss_end__ = _ebss

._user_heap_stack
                0x200031dc      0x604 load address 0x08006378
                0x200031e0                        . = ALIGN (0x8)
 *fill*         0x200031dc        0x4 
                [!provide]                        PROVIDE (end = .)
                0x200031e0                        PROVIDE (_end = .)
                0x200033e0                        . = (. + _Min_Heap_Size)
 *fill*         0x200031e0      0x200 
                0x200037e0                        . = (. + _Min_Stack_Size)
 *fill*         0x200033e0      0x400 
                0x200037e0                        . = ALIGN (0x8)

/DISCARD/
 libc.a(*)
 libm.a(*)
 libgcc.a(*)

.ARM.attributes
                0x00000000       0x30
 *(.ARM.attributes)
 .ARM.attributes
                0x00000000       0x22 C:/ST/STM32CubeIDE_1.18.0/STM32CubeIDE/plugins/com.st.stm32cube.ide.mcu.externaltools.gnu-tools-for-stm32.13.3.rel1.win32_1.0.0.202411081344/tools/bin/../lib/gcc/arm-none-eabi/13.3.1/thumb/v7e-m+fp/hard/crti.o
 .ARM.attributes
                0x00000022       0x34 C:/ST/STM32CubeIDE_1.18.0/STM32CubeIDE/plugins/com.st.stm32cube.ide.mcu.externaltools.gnu-tools-for-stm32.13.3.rel1.win32_1.0.0.202411081344/tools/bin/../lib/gcc/arm-none-eabi/13.3.1/thumb/v7e-m+fp/hard/crtbegin.o
 .ARM.attributes
                0x00000056       0x34 ./Core/Src/ili9341.o
 .ARM.attributes
                0x0000008a       0x34 ./Core/Src/main.o
 .ARM.attributes
                0x000000be       0x34 ./Core/Src/stm32f4xx_hal_msp.o
 .ARM.attributes
                0x000000f2       0x34 ./Core/Src/stm32f4xx_it.o
 .ARM.attributes
                0x00000126       0x34 ./Core/Src/system_stm32f4xx.o
 .ARM.attributes
                0x0000015a       0x21 ./Core/Startup/startup_stm32f446retx.o
 .ARM.attributes
                0x0000017b       0x34 ./Drivers/STM32F4xx_HAL_Driver/Src/stm32f4xx_hal.o
 .ARM.attributes
                0x000001af       0x34 ./Drivers/STM32F4xx_HAL_Driver/Src/stm32f4xx_hal_cortex.o
 .ARM.attributes
                0x000001e3       0x34 ./Drivers/STM32F4xx_HAL_Driver/Src/stm32f4xx_hal_gpio.o
 .ARM.attributes
                0x00000217       0x34 ./Drivers/STM32F4xx_HAL_Driver/Src/stm32f4xx_hal_i2c.o
 .ARM.attributes
                0x0000024b       0x34 ./Drivers/STM32F4xx_HAL_Driver/Src/stm32f4xx_hal_rcc.o
 .ARM.attributes
                0x0000027f       0x34 ./Drivers/STM32F4xx_HAL_Driver/Src/stm32f4xx_hal_rcc_ex.o
 .ARM.attributes
                0x000002b3       0x34 ./Drivers/STM32F4xx_HAL_Driver/Src/stm32f4xx_hal_spi.o
 .ARM.attributes
                0x000002e7       0x34 ./Drivers/STM32F4xx_HAL_Driver/Src/stm32f4xx_hal_uart.o
 .ARM.attributes
                0x0000031b       0x34 C:/ST/STM32CubeIDE_1.18.0/STM32CubeIDE/plugins/com.st.stm32cube.ide.mcu.externaltools.gnu-tools-for-stm32.13.3.rel1.win32_1.0.0.202411081344/tools/bin/../lib/gcc/arm-none-eabi/13.3.1/../../../../arm-none-eabi/lib/thumb/v7e-m+fp/hard\libc_nano.a(libc_a-memset.o)
 .ARM.attributes
                0x0000034f       0x34 C:/ST/STM32CubeIDE_1.18.0/STM32CubeIDE/plugins/com.st.stm32cube.ide.mcu.externaltools.gnu-tools-for-stm32.13.3.rel1.win32_1.0.0.202411081344/tools/bin/../lib/gcc/arm-none-eabi/13.3.1/../../../../arm-none-eabi/lib/thumb/v7e-m+fp/hard\libc_nano.a(libc_a-init.o)
 .ARM.attributes
                0x00000383       0x22 C:/ST/STM32CubeIDE_1.18.0/STM32CubeIDE/plugins/com.st.stm32cube.ide.mcu.externaltools.gnu-tools-for-stm32.13.3.rel1.win32_1.0.0.202411081344/tools/bin/../lib/gcc/arm-none-eabi/13.3.1/thumb/v7e-m+fp/hard\libgcc.a(_aeabi_uldivmod.o)
 .ARM.attributes
                0x000003a5       0x34 C:/ST/STM32CubeIDE_1.18.0/STM32CubeIDE/plugins/com.st.stm32cube.ide.mcu.externaltools.gnu-tools-for-stm32.13.3.rel1.win32_1.0.0.202411081344/tools/bin/../lib/gcc/arm-none-eabi/13.3.1/thumb/v7e-m+fp/hard\libgcc.a(_udivmoddi4.o)
 .ARM.attributes
                0x000003d9       0x22 C:/ST/STM32CubeIDE_1.18.0/STM32CubeIDE/plugins/com.st.stm32cube.ide.mcu.externaltools.gnu-tools-for-stm32.13.3.rel1.win32_1.0.0.202411081344/tools/bin/../lib/gcc/arm-none-eabi/13.3.1/thumb/v7e-m+fp/hard\libgcc.a(_dvmd_tls.o)
 .ARM.attributes
                0x000003fb       0x22 C:/ST/STM32CubeIDE_1.18.0/STM32CubeIDE/plugins/com.st.stm32cube.ide.mcu.externaltools.gnu-tools-for-stm32.13.3.rel1.win32_1.0.0.202411081344/tools/bin/../lib/gcc/arm-none-eabi/13.3.1/thumb/v7e-m+fp/hard/crtn.o
OUTPUT(Proyecto3_Parking.elf elf32-littlearm)
LOAD linker stubs
LOAD C:/ST/STM32CubeIDE_1.18.0/STM32CubeIDE/plugins/com.st.stm32cube.ide.mcu.externaltools.gnu-tools-for-stm32.13.3.rel1.win32_1.0.0.202411081344/tools/bin/../lib/gcc/arm-none-eabi/13.3.1/../../../../arm-none-eabi/lib/thumb/v7e-m+fp/hard\libc.a
LOAD C:/ST/STM32CubeIDE_1.18.0/STM32CubeIDE/plugins/com.st.stm32cube.ide.mcu.externaltools.gnu-tools-for-stm32.13.3.rel1.win32_1.0.0.202411081344/tools/bin/../lib/gcc/arm-none-eabi/13.3.1/../../../../arm-none-eabi/lib/thumb/v7e-m+fp/hard\libm.a
LOAD C:/ST/STM32CubeIDE_1.18.0/STM32CubeIDE/plugins/com.st.stm32cube.ide.mcu.externaltools.gnu-tools-for-stm32.13.3.rel1.win32_1.0.0.202411081344/tools/bin/../lib/gcc/arm-none-eabi/13.3.1/thumb/v7e-m+fp/hard\libgcc.a

.debug_info     0x00000000     0xcc1a
 .debug_info    0x00000000      0x81b ./Core/Src/ili9341.o
 .debug_info    0x0000081b     0x14ef ./Core/Src/main.o
 .debug_info    0x00001d0a      0xf41 ./Core/Src/stm32f4xx_hal_msp.o
 .debug_info    0x00002c4b      0x112 ./Core/Src/stm32f4xx_it.o
 .debug_info    0x00002d5d      0x54a ./Core/Src/system_stm32f4xx.o
 .debug_info    0x000032a7       0x30 ./Core/Startup/startup_stm32f446retx.o
 .debug_info    0x000032d7      0x99a ./Drivers/STM32F4xx_HAL_Driver/Src/stm32f4xx_hal.o
 .debug_info    0x00003c71      0xdaa ./Drivers/STM32F4xx_HAL_Driver/Src/stm32f4xx_hal_cortex.o
 .debug_info    0x00004a1b      0x70b ./Drivers/STM32F4xx_HAL_Driver/Src/stm32f4xx_hal_gpio.o
 .debug_info    0x00005126     0x2421 ./Drivers/STM32F4xx_HAL_Driver/Src/stm32f4xx_hal_i2c.o
 .debug_info    0x00007547      0x8ff ./Drivers/STM32F4xx_HAL_Driver/Src/stm32f4xx_hal_rcc.o
 .debug_info    0x00007e46      0x960 ./Drivers/STM32F4xx_HAL_Driver/Src/stm32f4xx_hal_rcc_ex.o
 .debug_info    0x000087a6     0x1525 ./Drivers/STM32F4xx_HAL_Driver/Src/stm32f4xx_hal_spi.o
 .debug_info    0x00009ccb     0x2f4f ./Drivers/STM32F4xx_HAL_Driver/Src/stm32f4xx_hal_uart.o

.debug_abbrev   0x00000000     0x1c95
 .debug_abbrev  0x00000000      0x203 ./Core/Src/ili9341.o
 .debug_abbrev  0x00000203      0x2f0 ./Core/Src/main.o
 .debug_abbrev  0x000004f3      0x1ef ./Core/Src/stm32f4xx_hal_msp.o
 .debug_abbrev  0x000006e2       0x73 ./Core/Src/stm32f4xx_it.o
 .debug_abbrev  0x00000755      0x11a ./Core/Src/system_stm32f4xx.o
 .debug_abbrev  0x0000086f       0x24 ./Core/Startup/startup_stm32f446retx.o
 .debug_abbrev  0x00000893      0x214 ./Drivers/STM32F4xx_HAL_Driver/Src/stm32f4xx_hal.o
 .debug_abbrev  0x00000aa7      0x31d ./Drivers/STM32F4xx_HAL_Driver/Src/stm32f4xx_hal_cortex.o
 .debug_abbrev  0x00000dc4      0x1d4 ./Drivers/STM32F4xx_HAL_Driver/Src/stm32f4xx_hal_gpio.o
 .debug_abbrev  0x00000f98      0x2ad ./Drivers/STM32F4xx_HAL_Driver/Src/stm32f4xx_hal_i2c.o
 .debug_abbrev  0x00001245      0x2b7 ./Drivers/STM32F4xx_HAL_Driver/Src/stm32f4xx_hal_rcc.o
 .debug_abbrev  0x000014fc      0x211 ./Drivers/STM32F4xx_HAL_Driver/Src/stm32f4xx_hal_rcc_ex.o
 .debug_abbrev  0x0000170d      0x27a ./Drivers/STM32F4xx_HAL_Driver/Src/stm32f4xx_hal_spi.o
 .debug_abbrev  0x00001987      0x30e ./Drivers/STM32F4xx_HAL_Driver/Src/stm32f4xx_hal_uart.o

.debug_aranges  0x00000000      0xbe0
 .debug_aranges
                0x00000000       0x78 ./Core/Src/ili9341.o
 .debug_aranges
                0x00000078       0x70 ./Core/Src/main.o
 .debug_aranges
                0x000000e8       0x50 ./Core/Src/stm32f4xx_hal_msp.o
 .debug_aranges
                0x00000138       0x60 ./Core/Src/stm32f4xx_it.o
 .debug_aranges
                0x00000198       0x28 ./Core/Src/system_stm32f4xx.o
 .debug_aranges
                0x000001c0       0x28 ./Core/Startup/startup_stm32f446retx.o
 .debug_aranges
                0x000001e8       0xf0 ./Drivers/STM32F4xx_HAL_Driver/Src/stm32f4xx_hal.o
 .debug_aranges
                0x000002d8      0x130 ./Drivers/STM32F4xx_HAL_Driver/Src/stm32f4xx_hal_cortex.o
 .debug_aranges
                0x00000408       0x58 ./Drivers/STM32F4xx_HAL_Driver/Src/stm32f4xx_hal_gpio.o
 .debug_aranges
                0x00000460      0x2a8 ./Drivers/STM32F4xx_HAL_Driver/Src/stm32f4xx_hal_i2c.o
 .debug_aranges
                0x00000708       0x88 ./Drivers/STM32F4xx_HAL_Driver/Src/stm32f4xx_hal_rcc.o
 .debug_aranges
                0x00000790       0x78 ./Drivers/STM32F4xx_HAL_Driver/Src/stm32f4xx_hal_rcc_ex.o
 .debug_aranges
                0x00000808      0x1d0 ./Drivers/STM32F4xx_HAL_Driver/Src/stm32f4xx_hal_spi.o
 .debug_aranges
                0x000009d8      0x208 ./Drivers/STM32F4xx_HAL_Driver/Src/stm32f4xx_hal_uart.o

.debug_rnglists
                0x00000000      0x95b
 .debug_rnglists
                0x00000000       0x60 ./Core/Src/ili9341.o
 .debug_rnglists
                0x00000060       0x52 ./Core/Src/main.o
 .debug_rnglists
                0x000000b2       0x3a ./Core/Src/stm32f4xx_hal_msp.o
 .debug_rnglists
                0x000000ec       0x43 ./Core/Src/stm32f4xx_it.o
 .debug_rnglists
                0x0000012f       0x1a ./Core/Src/system_stm32f4xx.o
 .debug_rnglists
                0x00000149       0x19 ./Core/Startup/startup_stm32f446retx.o
 .debug_rnglists
                0x00000162       0xaf ./Drivers/STM32F4xx_HAL_Driver/Src/stm32f4xx_hal.o
 .debug_rnglists
                0x00000211       0xe0 ./Drivers/STM32F4xx_HAL_Driver/Src/stm32f4xx_hal_cortex.o
 .debug_rnglists
                0x000002f1       0x3f ./Drivers/STM32F4xx_HAL_Driver/Src/stm32f4xx_hal_gpio.o
 .debug_rnglists
                0x00000330      0x23c ./Drivers/STM32F4xx_HAL_Driver/Src/stm32f4xx_hal_i2c.o
 .debug_rnglists
                0x0000056c       0x66 ./Drivers/STM32F4xx_HAL_Driver/Src/stm32f4xx_hal_rcc.o
 .debug_rnglists
                0x000005d2       0x5e ./Drivers/STM32F4xx_HAL_Driver/Src/stm32f4xx_hal_rcc_ex.o
 .debug_rnglists
                0x00000630      0x16f ./Drivers/STM32F4xx_HAL_Driver/Src/stm32f4xx_hal_spi.o
 .debug_rnglists
                0x0000079f      0x1bc ./Drivers/STM32F4xx_HAL_Driver/Src/stm32f4xx_hal_uart.o

.debug_macro    0x00000000    0x20fbe
 .debug_macro   0x00000000      0x32f ./Core/Src/ili9341.o
 .debug_macro   0x0000032f       0x34 ./Core/Src/ili9341.o
 .debug_macro   0x00000363       0x16 ./Core/Src/ili9341.o
 .debug_macro   0x00000379      0x11c ./Core/Src/ili9341.o
 .debug_macro   0x00000495       0x9b ./Core/Src/ili9341.o
 .debug_macro   0x00000530      0x370 ./Core/Src/ili9341.o
 .debug_macro   0x000008a0       0x16 ./Core/Src/ili9341.o
 .debug_macro   0x000008b6       0x4a ./Core/Src/ili9341.o
 .debug_macro   0x00000900       0x34 ./Core/Src/ili9341.o
 .debug_macro   0x00000934       0x10 ./Core/Src/ili9341.o
 .debug_macro   0x00000944       0x58 ./Core/Src/ili9341.o
 .debug_macro   0x0000099c       0x8e ./Core/Src/ili9341.o
 .debug_macro   0x00000a2a       0x1c ./Core/Src/ili9341.o
 .debug_macro   0x00000a46      0x185 ./Core/Src/ili9341.o
 .debug_macro   0x00000bcb       0x16 ./Core/Src/ili9341.o
 .debug_macro   0x00000be1       0x29 ./Core/Src/ili9341.o
 .debug_macro   0x00000c0a       0x16 ./Core/Src/ili9341.o
 .debug_macro   0x00000c20       0x3c ./Core/Src/ili9341.o
 .debug_macro   0x00000c5c       0x20 ./Core/Src/ili9341.o
 .debug_macro   0x00000c7c      0x118 ./Core/Src/ili9341.o
 .debug_macro   0x00000d94       0x3a ./Core/Src/ili9341.o
 .debug_macro   0x00000dce      0x2a1 ./Core/Src/ili9341.o
 .debug_macro   0x0000106f       0x2e ./Core/Src/ili9341.o
 .debug_macro   0x0000109d       0x28 ./Core/Src/ili9341.o
 .debug_macro   0x000010c5       0x1c ./Core/Src/ili9341.o
 .debug_macro   0x000010e1       0x22 ./Core/Src/ili9341.o
 .debug_macro   0x00001103       0xfb ./Core/Src/ili9341.o
 .debug_macro   0x000011fe     0x1011 ./Core/Src/ili9341.o
 .debug_macro   0x0000220f      0x11f ./Core/Src/ili9341.o
 .debug_macro   0x0000232e    0x1675e ./Core/Src/ili9341.o
 .debug_macro   0x00018a8c       0x6d ./Core/Src/ili9341.o
 .debug_macro   0x00018af9     0x3693 ./Core/Src/ili9341.o
 .debug_macro   0x0001c18c       0x56 ./Core/Src/ili9341.o
 .debug_macro   0x0001c1e2      0xca5 ./Core/Src/ili9341.o
 .debug_macro   0x0001ce87      0x9e9 ./Core/Src/ili9341.o
 .debug_macro   0x0001d870      0x115 ./Core/Src/ili9341.o
 .debug_macro   0x0001d985      0x1a0 ./Core/Src/ili9341.o
 .debug_macro   0x0001db25       0xa5 ./Core/Src/ili9341.o
 .debug_macro   0x0001dbca      0x16d ./Core/Src/ili9341.o
 .debug_macro   0x0001dd37      0x287 ./Core/Src/ili9341.o
 .debug_macro   0x0001dfbe       0x5f ./Core/Src/ili9341.o
 .debug_macro   0x0001e01d      0x236 ./Core/Src/ili9341.o
 .debug_macro   0x0001e253      0x132 ./Core/Src/ili9341.o
 .debug_macro   0x0001e385      0x29c ./Core/Src/ili9341.o
 .debug_macro   0x0001e621       0x2e ./Core/Src/ili9341.o
 .debug_macro   0x0001e64f      0x1b5 ./Core/Src/ili9341.o
 .debug_macro   0x0001e804       0x22 ./Core/Src/ili9341.o
 .debug_macro   0x0001e826       0xd6 ./Core/Src/ili9341.o
 .debug_macro   0x0001e8fc      0x127 ./Core/Src/ili9341.o
 .debug_macro   0x0001ea23       0xe8 ./Core/Src/ili9341.o
 .debug_macro   0x0001eb0b       0x89 ./Core/Src/ili9341.o
 .debug_macro   0x0001eb94      0x225 ./Core/Src/ili9341.o
 .debug_macro   0x0001edb9      0x2aa ./Core/Src/ili9341.o
 .debug_macro   0x0001f063      0x126 ./Core/Src/ili9341.o
 .debug_macro   0x0001f189      0x160 ./Core/Src/ili9341.o
 .debug_macro   0x0001f2e9      0x345 ./Core/Src/main.o
 .debug_macro   0x0001f62e      0x190 ./Core/Src/main.o
 .debug_macro   0x0001f7be       0x5c ./Core/Src/main.o
 .debug_macro   0x0001f81a       0x61 ./Core/Src/main.o
 .debug_macro   0x0001f87b       0x10 ./Core/Src/main.o
 .debug_macro   0x0001f88b       0x1c ./Core/Src/main.o
 .debug_macro   0x0001f8a7       0x10 ./Core/Src/main.o
 .debug_macro   0x0001f8b7       0x1c ./Core/Src/main.o
 .debug_macro   0x0001f8d3       0x16 ./Core/Src/main.o
 .debug_macro   0x0001f8e9      0x146 ./Core/Src/main.o
 .debug_macro   0x0001fa2f      0x1ec ./Core/Src/stm32f4xx_hal_msp.o
 .debug_macro   0x0001fc1b      0x1f6 ./Core/Src/stm32f4xx_it.o
 .debug_macro   0x0001fe11      0x1dd ./Core/Src/system_stm32f4xx.o
 .debug_macro   0x0001ffee      0x23d ./Drivers/STM32F4xx_HAL_Driver/Src/stm32f4xx_hal.o
 .debug_macro   0x0002022b      0x1dd ./Drivers/STM32F4xx_HAL_Driver/Src/stm32f4xx_hal_cortex.o
 .debug_macro   0x00020408      0x1e3 ./Drivers/STM32F4xx_HAL_Driver/Src/stm32f4xx_hal_gpio.o
 .debug_macro   0x000205eb      0x22b ./Drivers/STM32F4xx_HAL_Driver/Src/stm32f4xx_hal_i2c.o
 .debug_macro   0x00020816      0x201 ./Drivers/STM32F4xx_HAL_Driver/Src/stm32f4xx_hal_rcc.o
 .debug_macro   0x00020a17      0x1dd ./Drivers/STM32F4xx_HAL_Driver/Src/stm32f4xx_hal_rcc_ex.o
 .debug_macro   0x00020bf4      0x1ec ./Drivers/STM32F4xx_HAL_Driver/Src/stm32f4xx_hal_spi.o
 .debug_macro   0x00020de0      0x1de ./Drivers/STM32F4xx_HAL_Driver/Src/stm32f4xx_hal_uart.o

.debug_line     0x00000000     0xf67e
 .debug_line    0x00000000      0xddd ./Core/Src/ili9341.o
 .debug_line    0x00000ddd      0xbff ./Core/Src/main.o
 .debug_line    0x000019dc      0x846 ./Core/Src/stm32f4xx_hal_msp.o
 .debug_line    0x00002222      0x80c ./Core/Src/stm32f4xx_it.o
 .debug_line    0x00002a2e      0x7d3 ./Core/Src/system_stm32f4xx.o
 .debug_line    0x00003201       0x7a ./Core/Startup/startup_stm32f446retx.o
 .debug_line    0x0000327b      0xa4f ./Drivers/STM32F4xx_HAL_Driver/Src/stm32f4xx_hal.o
 .debug_line    0x00003cca      0xd1f ./Drivers/STM32F4xx_HAL_Driver/Src/stm32f4xx_hal_cortex.o
 .debug_line    0x000049e9      0xb93 ./Drivers/STM32F4xx_HAL_Driver/Src/stm32f4xx_hal_gpio.o
 .debug_line    0x0000557c     0x3afc ./Drivers/STM32F4xx_HAL_Driver/Src/stm32f4xx_hal_i2c.o
 .debug_line    0x00009078      0xe6a ./Drivers/STM32F4xx_HAL_Driver/Src/stm32f4xx_hal_rcc.o
 .debug_line    0x00009ee2     0x151b ./Drivers/STM32F4xx_HAL_Driver/Src/stm32f4xx_hal_rcc_ex.o
 .debug_line    0x0000b3fd     0x1cea ./Drivers/STM32F4xx_HAL_Driver/Src/stm32f4xx_hal_spi.o
 .debug_line    0x0000d0e7     0x2597 ./Drivers/STM32F4xx_HAL_Driver/Src/stm32f4xx_hal_uart.o

.debug_str      0x00000000    0xcec08
 .debug_str     0x00000000    0xcec08 ./Core/Src/ili9341.o
                              0xcae27 (size before relaxing)
 .debug_str     0x000cec08    0xcc02b ./Core/Src/main.o
 .debug_str     0x000cec08    0xc6494 ./Core/Src/stm32f4xx_hal_msp.o
 .debug_str     0x000cec08    0xc5a6b ./Core/Src/stm32f4xx_it.o
 .debug_str     0x000cec08    0xc56a2 ./Core/Src/system_stm32f4xx.o
 .debug_str     0x000cec08       0x90 ./Core/Startup/startup_stm32f446retx.o
 .debug_str     0x000cec08    0xc6267 ./Drivers/STM32F4xx_HAL_Driver/Src/stm32f4xx_hal.o
 .debug_str     0x000cec08    0xc5fbe ./Drivers/STM32F4xx_HAL_Driver/Src/stm32f4xx_hal_cortex.o
 .debug_str     0x000cec08    0xc581d ./Drivers/STM32F4xx_HAL_Driver/Src/stm32f4xx_hal_gpio.o
 .debug_str     0x000cec08    0xc66a0 ./Drivers/STM32F4xx_HAL_Driver/Src/stm32f4xx_hal_i2c.o
 .debug_str     0x000cec08    0xc5adb ./Drivers/STM32F4xx_HAL_Driver/Src/stm32f4xx_hal_rcc.o
 .debug_str     0x000cec08    0xc5b0e ./Drivers/STM32F4xx_HAL_Driver/Src/stm32f4xx_hal_rcc_ex.o
 .debug_str     0x000cec08    0xc5f3b ./Drivers/STM32F4xx_HAL_Driver/Src/stm32f4xx_hal_spi.o
 .debug_str     0x000cec08    0xc6092 ./Drivers/STM32F4xx_HAL_Driver/Src/stm32f4xx_hal_uart.o

.comment        0x00000000       0x43
 .comment       0x00000000       0x43 ./Core/Src/ili9341.o
                                 0x44 (size before relaxing)
 .comment       0x00000043       0x44 ./Core/Src/main.o
 .comment       0x00000043       0x44 ./Core/Src/stm32f4xx_hal_msp.o
 .comment       0x00000043       0x44 ./Core/Src/stm32f4xx_it.o
 .comment       0x00000043       0x44 ./Core/Src/system_stm32f4xx.o
 .comment       0x00000043       0x44 ./Drivers/STM32F4xx_HAL_Driver/Src/stm32f4xx_hal.o
 .comment       0x00000043       0x44 ./Drivers/STM32F4xx_HAL_Driver/Src/stm32f4xx_hal_cortex.o
 .comment       0x00000043       0x44 ./Drivers/STM32F4xx_HAL_Driver/Src/stm32f4xx_hal_gpio.o
 .comment       0x00000043       0x44 ./Drivers/STM32F4xx_HAL_Driver/Src/stm32f4xx_hal_i2c.o
 .comment       0x00000043       0x44 ./Drivers/STM32F4xx_HAL_Driver/Src/stm32f4xx_hal_rcc.o
 .comment       0x00000043       0x44 ./Drivers/STM32F4xx_HAL_Driver/Src/stm32f4xx_hal_rcc_ex.o
 .comment       0x00000043       0x44 ./Drivers/STM32F4xx_HAL_Driver/Src/stm32f4xx_hal_spi.o
 .comment       0x00000043       0x44 ./Drivers/STM32F4xx_HAL_Driver/Src/stm32f4xx_hal_uart.o

.debug_frame    0x00000000     0x31f8
 .debug_frame   0x00000000      0x1c4 ./Core/Src/ili9341.o
 .debug_frame   0x000001c4      0x17c ./Core/Src/main.o
 .debug_frame   0x00000340      0x10c ./Core/Src/stm32f4xx_hal_msp.o
 .debug_frame   0x0000044c      0x104 ./Core/Src/stm32f4xx_it.o
 .debug_frame   0x00000550       0x58 ./Core/Src/system_stm32f4xx.o
 .debug_frame   0x000005a8      0x374 ./Drivers/STM32F4xx_HAL_Driver/Src/stm32f4xx_hal.o
 .debug_frame   0x0000091c      0x508 ./Drivers/STM32F4xx_HAL_Driver/Src/stm32f4xx_hal_cortex.o
 .debug_frame   0x00000e24      0x14c ./Drivers/STM32F4xx_HAL_Driver/Src/stm32f4xx_hal_gpio.o
 .debug_frame   0x00000f70      0xc84 ./Drivers/STM32F4xx_HAL_Driver/Src/stm32f4xx_hal_i2c.o
 .debug_frame   0x00001bf4      0x1f4 ./Drivers/STM32F4xx_HAL_Driver/Src/stm32f4xx_hal_rcc.o
 .debug_frame   0x00001de8      0x1e8 ./Drivers/STM32F4xx_HAL_Driver/Src/stm32f4xx_hal_rcc_ex.o
 .debug_frame   0x00001fd0      0x828 ./Drivers/STM32F4xx_HAL_Driver/Src/stm32f4xx_hal_spi.o
 .debug_frame   0x000027f8      0x954 ./Drivers/STM32F4xx_HAL_Driver/Src/stm32f4xx_hal_uart.o
 .debug_frame   0x0000314c       0x20 C:/ST/STM32CubeIDE_1.18.0/STM32CubeIDE/plugins/com.st.stm32cube.ide.mcu.externaltools.gnu-tools-for-stm32.13.3.rel1.win32_1.0.0.202411081344/tools/bin/../lib/gcc/arm-none-eabi/13.3.1/../../../../arm-none-eabi/lib/thumb/v7e-m+fp/hard\libc_nano.a(libc_a-memset.o)
 .debug_frame   0x0000316c       0x2c C:/ST/STM32CubeIDE_1.18.0/STM32CubeIDE/plugins/com.st.stm32cube.ide.mcu.externaltools.gnu-tools-for-stm32.13.3.rel1.win32_1.0.0.202411081344/tools/bin/../lib/gcc/arm-none-eabi/13.3.1/../../../../arm-none-eabi/lib/thumb/v7e-m+fp/hard\libc_nano.a(libc_a-init.o)
 .debug_frame   0x00003198       0x2c C:/ST/STM32CubeIDE_1.18.0/STM32CubeIDE/plugins/com.st.stm32cube.ide.mcu.externaltools.gnu-tools-for-stm32.13.3.rel1.win32_1.0.0.202411081344/tools/bin/../lib/gcc/arm-none-eabi/13.3.1/thumb/v7e-m+fp/hard\libgcc.a(_aeabi_uldivmod.o)
 .debug_frame   0x000031c4       0x34 C:/ST/STM32CubeIDE_1.18.0/STM32CubeIDE/plugins/com.st.stm32cube.ide.mcu.externaltools.gnu-tools-for-stm32.13.3.rel1.win32_1.0.0.202411081344/tools/bin/../lib/gcc/arm-none-eabi/13.3.1/thumb/v7e-m+fp/hard\libgcc.a(_udivmoddi4.o)

.debug_line_str
                0x00000000       0x74
 .debug_line_str
                0x00000000       0x74 ./Core/Startup/startup_stm32f446retx.o
