../Core/Src/ili9341.c:125:6:LCD_CMD	8	static
../Core/Src/ili9341.c:176:6:LCD_DATA	8	static
../Core/Src/ili9341.c:19:6:LCD_Init	16	static
../Core/Src/ili9341.c:225:6:SetWindows	24	static
../Core/Src/ili9341.c:242:6:LCD_Clear	24	static
../Core/Src/ili9341.c:258:6:H_line	24	static
../Core/Src/ili9341.c:275:6:V_line	24	static
../Core/Src/ili9341.c:292:6:Rect	24	static
../Core/Src/ili9341.c:311:6:FillRect	32	static
../Core/Src/ili9341.c:336:6:LCD_Print	72	dynamic
../Core/Src/ili9341.c:400:6:LCD_Bitmap	40	static
../Core/Src/ili9341.c:425:6:LCD_Sprite	48	static
