../Core/Src/main.c:78:5:main	8	static
../Core/Src/main.c:126:6:SystemClock_Config	88	static
../Core/Src/main.c:174:13:MX_I2C1_Init	8	static
../Core/Src/main.c:208:13:MX_USART2_UART_Init	8	static
../Core/Src/main.c:241:13:MX_GPIO_Init	48	static
../Core/Src/main.c:276:6:HAL_I2C_ListenCpltCallback	16	static
../Core/Src/main.c:281:6:HAL_I2C_SlaveTxCpltCallback	16	static
../Core/Src/main.c:291:6:HAL_I2C_SlaveRxCpltCallback	16	static
../Core/Src/main.c:300:6:HAL_I2C_ErrorCallback	16	static
../Core/Src/main.c:306:6:HAL_I2C_AddrCallback	24	static
../Core/Src/main.c:332:6:Error_Handler	4	static,ignoring_inline_asm
