../Core/Src/main.c:72:6:DisplayNumber	24	static
../Core/Src/main.c:149:6:CheckLDRs	16	static
../Core/Src/main.c:224:5:main	8	static
../Core/Src/main.c:276:6:SystemClock_Config	88	static
../Core/Src/main.c:324:13:MX_I2C1_Init	8	static
../Core/Src/main.c:358:13:MX_USART2_UART_Init	8	static
../Core/Src/main.c:391:13:MX_GPIO_Init	48	static
../Core/Src/main.c:461:6:HAL_I2C_ListenCpltCallback	16	static
../Core/Src/main.c:466:6:HAL_I2C_SlaveTxCpltCallback	16	static
../Core/Src/main.c:478:6:HAL_I2C_SlaveRxCpltCallback	16	static
../Core/Src/main.c:486:6:HAL_I2C_AddrCallback	16	static
../Core/Src/main.c:505:6:Error_Handler	4	static,ignoring_inline_asm
