../Core/Src/main.c:90:5:main	40	static
../Core/Src/main.c:234:6:SystemClock_Config	88	static
../Core/Src/main.c:282:13:MX_I2C1_Init	8	static
../Core/Src/main.c:316:13:MX_SPI1_Init	8	static
../Core/Src/main.c:354:13:MX_USART2_UART_Init	8	static
../Core/Src/main.c:387:13:MX_GPIO_Init	48	static
../Core/Src/main.c:464:6:HAL_I2C_ListenCpltCallback	16	static
../Core/Src/main.c:468:6:HAL_I2C_AddrCallback	88	static
../Core/Src/main.c:480:6:HAL_I2C_SlaveRxCpltCallback	16	static
../Core/Src/main.c:484:6:HAL_I2C_SlaveTxCpltCallback	16	static
../Core/Src/main.c:495:6:Error_Handler	4	static,ignoring_inline_asm
