../Core/Src/main.c:91:5:main	96	static
../Core/Src/main.c:242:6:SystemClock_Config	88	static
../Core/Src/main.c:290:13:MX_ADC1_Init	24	static
../Core/Src/main.c:352:13:MX_USART2_UART_Init	8	static
../Core/Src/main.c:385:13:MX_USART3_UART_Init	8	static
../Core/Src/main.c:416:13:MX_DMA_Init	16	static
../Core/Src/main.c:434:13:MX_GPIO_Init	48	static
../Core/Src/main.c:469:6:HAL_ADC_ConvCpltCallback	16	static
../Core/Src/main.c:474:6:HAL_UART_RxCpltCallback	16	static
../Core/Src/main.c:531:6:Error_Handler	4	static,ignoring_inline_asm
