21:10:51 **** Incremental Build of configuration Debug for project Proyecto3_Parking ****
make -j8 all 
arm-none-eabi-gcc "../Core/Src/main.c" -mcpu=cortex-m4 -std=gnu11 -g3 -DDEBUG -DUSE_HAL_DRIVER -DSTM32F446xx -c -I../Core/Inc -I../Drivers/STM32F4xx_HAL_Driver/Inc -I../Drivers/STM32F4xx_HAL_Driver/Inc/Legacy -I../Drivers/CMSIS/Device/ST/STM32F4xx/Include -I../Drivers/CMSIS/Include -O0 -ffunction-sections -fdata-sections -Wall -fstack-usage -fcyclomatic-complexity -MMD -MP -MF"Core/Src/main.d" -MT"Core/Src/main.o" --specs=nano.specs -mfpu=fpv4-sp-d16 -mfloat-abi=hard -mthumb -o "Core/Src/main.o"
arm-none-eabi-gcc -o "Proyecto3_Parking.elf" @"objects.list"   -mcpu=cortex-m4 -T"C:\Users\bjosu\OneDrive\Documentos\GitHub\Digital-2\Proyecto3_Parking\STM32F446RETX_FLASH.ld" --specs=nosys.specs -Wl,-Map="Proyecto3_Parking.map" -Wl,--gc-sections -static --specs=nano.specs -mfpu=fpv4-sp-d16 -mfloat-abi=hard -mthumb -Wl,--start-group -lc -lm -Wl,--end-group
Finished building target: Proyecto3_Parking.elf
 
arm-none-eabi-size  Proyecto3_Parking.elf 
arm-none-eabi-objdump -h -S Proyecto3_Parking.elf  > "Proyecto3_Parking.list"
   text	   data	    bss	    dec	    hex	filename
  12992	  12472	   1832	  27296	   6aa0	Proyecto3_Parking.elf
Finished building: default.size.stdout
 
Finished building: Proyecto3_Parking.list
 

21:10:56 Build Finished. 0 errors, 0 warnings. (took 4s.488ms)

